ARM Linker, 4.1 [Build 791] [Evaluation]

==============================================================================

Section Cross References

    s3c2440a.o(STACK) refers (Special) to heapauxi.o(.text) for __use_two_region_memory
    s3c2440a.o(HEAP) refers (Special) to heapauxi.o(.text) for __use_two_region_memory
    s3c2440a.o(RESET) refers (Special) to heapauxi.o(.text) for __use_two_region_memory
    s3c2440a.o(RESET) refers to os_cpu_a.o(UCOS_ARM) for OS_CPU_IRQ_ISR
    s3c2440a.o(RESET) refers to nandflash.o(.text) for Nand_Init
    s3c2440a.o(RESET) refers to s3c2440a.o(STACK) for Stack_Top
    s3c2440a.o(RESET) refers to rtentry4.o(.ARM.Collect$$rtentry$$00000004) for __rt_entry_sh
    s3c2440a.o(RESET) refers to __main.o(!!!main) for __main
    s3c2440a.o(.text) refers (Special) to heapauxi.o(.text) for __use_two_region_memory
    s3c2440a.o(.text) refers to s3c2440a.o(HEAP) for Heap_Mem
    s3c2440a.o(.text) refers to s3c2440a.o(STACK) for Stack_Mem
    2440lib.o(.text) refers to aeabi_sdiv.o(.text) for __aeabi_idivmod
    2440lib.o(.text) refers to dflt_noclz.o(x$fpl$dflt) for __aeabi_i2d
    2440lib.o(.text) refers to ddiv.o(x$fpl$ddiv) for __aeabi_ddiv
    2440lib.o(.text) refers to daddsub_noclz.o(x$fpl$dadd) for __aeabi_dadd
    2440lib.o(.text) refers to dfix.o(x$fpl$dfix) for __aeabi_d2iz
    2440lib.o(.text) refers to c89vsprintf.o(.text) for __c89vsprintf
    2440lib.o(.text) refers to strlen.o(.text) for strlen
    2440lib.o(.text) refers to atoi.o(.text) for atoi
    2440lib.o(.text) refers to rt_ctype_table.o(.text) for __rt_ctype_table
    2440lib.o(.text) refers to 2440lib.o(.data) for delayLoopCount
    main.o(.text) refers to os_time.o(.text) for OSTimeDly
    main.o(.text) refers to led_test.o(.text) for led_test4
    main.o(.text) refers to os_task.o(.text) for OSTaskResume
    main.o(.text) refers to os_cpu_a.o(UCOS_ARM) for OSCPUSaveSR
    main.o(.text) refers to os_core.o(.text) for OSStatInit
    main.o(.text) refers to 2440lib.o(.text) for ChangeMPllValue
    main.o(.text) refers to main.o(.data) for err
    main.o(.text) refers to main.o(.bss) for Task0Stk
    os_cpu_a.o(UCOS_ARM) refers (Special) to os_core.o(.text) for OSIntEnter
    os_cpu_a.o(UCOS_ARM) refers to os_cpu_c.o(.text) for OSTaskSwHook
    os_cpu_a.o(UCOS_ARM) refers to os_core.o(.data) for OSRunning
    os_cpu_c.o(.text) refers to led_test.o(.text) for led_test1
    os_core.o(.text) refers to os_cpu_a.o(UCOS_ARM) for OSCPUSaveSR
    os_core.o(.text) refers to os_time.o(.text) for OSTimeDly
    os_core.o(.text) refers to aeabi_sdiv.o(.text_udiv) for __aeabi_uidivmod
    os_core.o(.text) refers to os_cpu_c.o(.text) for OSTaskStatHook
    os_core.o(.text) refers to os_task.o(.text) for OSTaskCreate
    os_core.o(.text) refers to os_core.o(.data) for OSStatRdy
    os_core.o(.text) refers to os_core.o(.bss) for OSTaskStatStk
    os_core.o(.text) refers to os_flag.o(.text) for OS_FlagInit
    os_core.o(.text) refers to os_mem.o(.text) for OS_MemInit
    os_core.o(.text) refers to os_q.o(.text) for OS_QInit
    os_core.o(.text) refers to os_core.o(.constdata) for OSUnMapTbl
    os_flag.o(.text) refers to os_cpu_a.o(UCOS_ARM) for OSCPUSaveSR
    os_flag.o(.text) refers to os_core.o(.text) for OS_Sched
    os_flag.o(.text) refers to os_core.o(.data) for OSIntNesting
    os_flag.o(.text) refers to os_core.o(.bss) for OSFlagTbl
    os_mbox.o(.text) refers to os_cpu_a.o(UCOS_ARM) for OSCPUSaveSR
    os_mbox.o(.text) refers to os_core.o(.text) for OS_EventWaitListInit
    os_mbox.o(.text) refers to os_core.o(.data) for OSIntNesting
    os_mem.o(.text) refers to os_cpu_a.o(UCOS_ARM) for OSCPUSaveSR
    os_mem.o(.text) refers to os_core.o(.text) for OS_StrCopy
    os_mem.o(.text) refers to os_core.o(.data) for OSMemFreeList
    os_mem.o(.text) refers to os_core.o(.bss) for OSMemTbl
    os_mutex.o(.text) refers to os_cpu_a.o(UCOS_ARM) for OSCPUSaveSR
    os_mutex.o(.text) refers to os_core.o(.text) for OS_EventWaitListInit
    os_mutex.o(.text) refers to os_core.o(.data) for OSIntNesting
    os_mutex.o(.text) refers to os_core.o(.bss) for OSTCBPrioTbl
    os_q.o(.text) refers to os_cpu_a.o(UCOS_ARM) for OSCPUSaveSR
    os_q.o(.text) refers to os_core.o(.text) for OS_EventWaitListInit
    os_q.o(.text) refers to os_core.o(.data) for OSIntNesting
    os_q.o(.text) refers to os_core.o(.bss) for OSQTbl
    os_sem.o(.text) refers to os_cpu_a.o(UCOS_ARM) for OSCPUSaveSR
    os_sem.o(.text) refers to os_core.o(.text) for OS_EventWaitListInit
    os_sem.o(.text) refers to os_core.o(.data) for OSIntNesting
    os_task.o(.text) refers to os_cpu_a.o(UCOS_ARM) for OSCPUSaveSR
    os_task.o(.text) refers to os_core.o(.text) for OS_Sched
    os_task.o(.text) refers to os_cpu_c.o(.text) for OSTaskStkInit
    os_task.o(.text) refers to os_flag.o(.text) for OS_FlagUnlink
    os_task.o(.text) refers to os_core.o(.bss) for OSTCBPrioTbl
    os_task.o(.text) refers to os_core.o(.data) for OSTCBCur
[...]
    .ARM.Collect$$_printf_percent$$00000000  0x30000004   Section        0  _printf_percent.o(.ARM.Collect$$_printf_percent$$00000000)
    .ARM.Collect$$_printf_percent$$00000001  0x30000004   Section        8  _printf_n.o(.ARM.Collect$$_printf_percent$$00000001)
    .ARM.Collect$$_printf_percent$$00000002  0x3000000c   Section        8  _printf_p.o(.ARM.Collect$$_printf_percent$$00000002)
    .ARM.Collect$$_printf_percent$$00000003  0x30000014   Section        8  _printf_f.o(.ARM.Collect$$_printf_percent$$00000003)
    .ARM.Collect$$_printf_percent$$00000004  0x3000001c   Section        8  _printf_e.o(.ARM.Collect$$_printf_percent$$00000004)
    .ARM.Collect$$_printf_percent$$00000005  0x30000024   Section        8  _printf_g.o(.ARM.Collect$$_printf_percent$$00000005)
    .ARM.Collect$$_printf_percent$$00000006  0x3000002c   Section        8  _printf_a.o(.ARM.Collect$$_printf_percent$$00000006)
    .ARM.Collect$$_printf_percent$$00000007  0x30000034   Section       12  _printf_ll.o(.ARM.Collect$$_printf_percent$$00000007)
    .ARM.Collect$$_printf_percent$$00000008  0x30000040   Section        8  _printf_i.o(.ARM.Collect$$_printf_percent$$00000008)
    .ARM.Collect$$_printf_percent$$00000009  0x30000048   Section        8  _printf_d.o(.ARM.Collect$$_printf_percent$$00000009)
    .ARM.Collect$$_printf_percent$$0000000A  0x30000050   Section        8  _printf_u.o(.ARM.Collect$$_printf_percent$$0000000A)
    .ARM.Collect$$_printf_percent$$0000000B  0x30000058   Section        8  _printf_o.o(.ARM.Collect$$_printf_percent$$0000000B)
    .ARM.Collect$$_printf_percent$$0000000C  0x30000060   Section        8  _printf_x.o(.ARM.Collect$$_printf_percent$$0000000C)
    .ARM.Collect$$_printf_percent$$0000000D  0x30000068   Section        8  _printf_lli.o(.ARM.Collect$$_printf_percent$$0000000D)
    .ARM.Collect$$_printf_percent$$0000000E  0x30000070   Section        8  _printf_lld.o(.ARM.Collect$$_printf_percent$$0000000E)
    .ARM.Collect$$_printf_percent$$0000000F  0x30000078   Section        8  _printf_llu.o(.ARM.Collect$$_printf_percent$$0000000F)
    .ARM.Collect$$_printf_percent$$00000010  0x30000080   Section        8  _printf_llo.o(.ARM.Collect$$_printf_percent$$00000010)
    .ARM.Collect$$_printf_percent$$00000011  0x30000088   Section        8  _printf_llx.o(.ARM.Collect$$_printf_percent$$00000011)
    .ARM.Collect$$_printf_percent$$00000012  0x30000090   Section       12  _printf_l.o(.ARM.Collect$$_printf_percent$$00000012)
    .ARM.Collect$$_printf_percent$$00000013  0x3000009c   Section        8  _printf_c.o(.ARM.Collect$$_printf_percent$$00000013)
    .ARM.Collect$$_printf_percent$$00000014  0x300000a4   Section        8  _printf_s.o(.ARM.Collect$$_printf_percent$$00000014)
    .ARM.Collect$$_printf_percent$$00000015  0x300000ac   Section        8  _printf_lc.o(.ARM.Collect$$_printf_percent$$00000015)
    .ARM.Collect$$_printf_percent$$00000016  0x300000b4   Section        8  _printf_ls.o(.ARM.Collect$$_printf_percent$$00000016)
    .ARM.Collect$$_printf_percent$$00000017  0x300000bc   Section        8  _printf_percent_end.o(.ARM.Collect$$_printf_percent$$00000017)
    .ARM.Collect$$libinit$$00000000          0x300000cc   Section        6  libinit.o(.ARM.Collect$$libinit$$00000000)
    .ARM.Collect$$libinit$$00000006          0x300000d2   Section        0  libinit2.o(.ARM.Collect$$libinit$$00000006)
    .ARM.Collect$$libinit$$00000008          0x300000d2   Section        0  libinit2.o(.ARM.Collect$$libinit$$00000008)
    .ARM.Collect$$libinit$$0000000A          0x300000d2   Section        0  libinit2.o(.ARM.Collect$$libinit$$0000000A)
    .ARM.Collect$$libinit$$0000000B          0x300000d2   Section        6  libinit2.o(.ARM.Collect$$libinit$$0000000B)
    .ARM.Collect$$libinit$$0000000D          0x300000d8   Section        0  libinit2.o(.ARM.Collect$$libinit$$0000000D)
    .ARM.Collect$$libinit$$0000000E          0x300000d8   Section       12  libinit2.o(.ARM.Collect$$libinit$$0000000E)
    .ARM.Collect$$libinit$$0000000F          0x300000e4   Section        0  libinit2.o(.ARM.Collect$$libinit$$0000000F)
    .ARM.Collect$$libinit$$00000011          0x300000e4   Section        0  libinit2.o(.ARM.Collect$$libinit$$00000011)
    .ARM.Collect$$libinit$$00000012          0x300000e4   Section       10  libinit2.o(.ARM.Collect$$libinit$$00000012)
    .ARM.Collect$$libinit$$00000013          0x300000ee   Section        0  libinit2.o(.ARM.Collect$$libinit$$00000013)
    .ARM.Collect$$libinit$$00000015          0x300000ee   Section        0  libinit2.o(.ARM.Collect$$libinit$$00000015)
    .ARM.Collect$$libinit$$00000017          0x300000ee   Section        0  libinit2.o(.ARM.Collect$$libinit$$00000017)
    .ARM.Collect$$libinit$$00000019          0x300000ee   Section        0  libinit2.o(.ARM.Collect$$libinit$$00000019)
    .ARM.Collect$$libinit$$0000001B          0x300000ee   Section        0  libinit2.o(.ARM.Collect$$libinit$$0000001B)
    .ARM.Collect$$libinit$$0000001D          0x300000ee   Section        0  libinit2.o(.ARM.Collect$$libinit$$0000001D)
    .ARM.Collect$$libinit$$0000001F          0x300000ee   Section        0  libinit2.o(.ARM.Collect$$libinit$$0000001F)
    .ARM.Collect$$libinit$$00000021          0x300000ee   Section        0  libinit2.o(.ARM.Collect$$libinit$$00000021)
    .ARM.Collect$$libinit$$00000028          0x300000ee   Section        0  libinit2.o(.ARM.Collect$$libinit$$00000028)
    .ARM.Collect$$libinit$$0000002A          0x300000ee   Section        0  libinit2.o(.ARM.Collect$$libinit$$0000002A)
    .ARM.Collect$$libinit$$0000002C          0x300000ee   Section        0  libinit2.o(.ARM.Collect$$libinit$$0000002C)
    .ARM.Collect$$libinit$$0000002E          0x300000ee   Section        0  libinit2.o(.ARM.Collect$$libinit$$0000002E)
    .ARM.Collect$$libinit$$0000002F          0x300000ee   Section       12  libinit2.o(.ARM.Collect$$libinit$$0000002F)
    .ARM.Collect$$libshutdown$$00000000      0x30000104   Section        4  libshutdown.o(.ARM.Collect$$libshutdown$$00000000)
    .ARM.Collect$$libshutdown$$00000003      0x30000108   Section        0  libshutdown2.o(.ARM.Collect$$libshutdown$$00000003)
    .ARM.Collect$$libshutdown$$00000006      0x30000108   Section        0  libshutdown2.o(.ARM.Collect$$libshutdown$$00000006)
    .ARM.Collect$$libshutdown$$00000009      0x30000108   Section        0  libshutdown2.o(.ARM.Collect$$libshutdown$$00000009)
    .ARM.Collect$$libshutdown$$0000000B      0x30000108   Section        0  libshutdown2.o(.ARM.Collect$$libshutdown$$0000000B)
    .ARM.Collect$$libshutdown$$0000000E      0x30000108   Section        0  libshutdown2.o(.ARM.Collect$$libshutdown$$0000000E)
    .ARM.Collect$$libshutdown$$0000000F      0x30000108   Section        6  libshutdown2.o(.ARM.Collect$$libshutdown$$0000000F)
    .ARM.Collect$$rtentry$$00000000          0x30000110   Section        0  rtentry.o(.ARM.Collect$$rtentry$$00000000)
    .ARM.Collect$$rtentry$$00000002          0x30000110   Section        0  rtentry2.o(.ARM.Collect$$rtentry$$00000002)
    .ARM.Collect$$rtentry$$00000004          0x30000110   Section        8  rtentry4.o(.ARM.Collect$$rtentry$$00000004)
    .ARM.Collect$$rtentry$$00000009          0x30000118   Section        0  rtentry2.o(.ARM.Collect$$rtentry$$00000009)
    .ARM.Collect$$rtentry$$0000000A          0x30000118   Section        4  rtentry2.o(.ARM.Collect$$rtentry$$0000000A)
    .ARM.Collect$$rtentry$$0000000C          0x3000011c   Section        0  rtentry2.o(.ARM.Collect$$rtentry$$0000000C)
    .ARM.Collect$$rtentry$$0000000D          0x3000011c   Section       40  rtentry2.o(.ARM.Collect$$rtentry$$0000000D)
    .ARM.Collect$$rtexit$$00000000           0x30000148   Section        4  rtexit.o(.ARM.Collect$$rtexit$$00000000)
    .ARM.Collect$$rtexit$$00000002           0x3000014c   Section        0  rtexit2.o(.ARM.Collect$$rtexit$$00000002)
    .ARM.Collect$$rtexit$$00000003           0x3000014c   Section        4  rtexit2.o(.ARM.Collect$$rtexit$$00000003)
    .ARM.Collect$$rtexit$$00000004           0x30000150   Section        8  rtexit2.o(.ARM.Collect$$rtexit$$00000004)
    .text                                    0x30000158   Section       32  s3c2440a.o(.text)
    .text                                    0x30000178   Section        0  2440lib.o(.text)
    .text                                    0x30000c60   Section        0  led_test.o(.text)
    .text                                    0x30000d74   Section        0  main.o(.text)
    .text                                    0x30001098   Section        0  os_cpu_c.o(.text)
    .text                                    0x300011ac   Section        0  os_core.o(.text)
    OS_InitTaskStat                          0x300014b8   ARM Code      48  os_core.o(.text)
    OS_InitTaskIdle                          0x3000151c   ARM Code      48  os_core.o(.text)
    OS_InitEventList                         0x30001570   ARM Code     132  os_core.o(.text)
    OS_InitTCBList                           0x300015f4   ARM Code     140  os_core.o(.text)
    OS_InitRdyList                           0x30001680   ARM Code     196  os_core.o(.text)
    OS_InitMisc                              0x30001744   ARM Code      88  os_core.o(.text)
    OS_SchedNew                              0x3000180c   ARM Code      48  os_core.o(.text)
    .text                                    0x300020c4   Section        0  os_flag.o(.text)
    OS_FlagTaskRdy                           0x300023b0   ARM Code     148  os_flag.o(.text)
    OS_FlagBlock                             0x3000279c   ARM Code     256  os_flag.o(.text)
    .text                                    0x3000300c   Section        0  os_mem.o(.text)
    .text                                    0x300034d4   Section        0  os_q.o(.text)
    .text                                    0x30003f24   Section        0  os_task.o(.text)
    .text                                    0x30004a1c   Section        0  os_time.o(.text)
    .text                                    0x30004d24   Section       24  rt_ctype_table.o(.text)
    .text                                    0x30004d44   Section        0  c89vsprintf.o(.text)
    .text                                    0x30004d74   Section        0  atoi.o(.text)
    .text                                    0x30004d9c   Section        0  strlen.o(.text)
    .text                                    0x30004de4   Section      384  aeabi_sdiv.o(.text)
    __arm_div8                               0x30004e10   ARM Code       0  aeabi_sdiv.o(.text)
    __arm_div5                               0x30004e34   ARM Code       0  aeabi_sdiv.o(.text)
    __arm_div2                               0x30004e58   ARM Code       0  aeabi_sdiv.o(.text)
    __arm_div_large                          0x30004e94   ARM Code       0  aeabi_sdiv.o(.text)
    .text                                    0x30004f64   Section        0  heapauxi.o(.text)
    .text                                    0x30004f6c   Section       96  sys_stackheap_outer.o(.text)
    .text                                    0x30004fd0   Section       12  rt_locale_intlibspace.o(.text)
    .text                                    0x30004fe0   Section       12  rt_errno_addr_intlibspace.o(.text)
    .text                                    0x30004fec   Section        0  _printf_pad.o(.text)
    .text                                    0x30005042   Section        0  _printf_truncate.o(.text)
    .text                                    0x3000506e   Section        0  _printf_str.o(.text)
    .text                                    0x300050d0   Section        0  _printf_dec.o(.text)
    .text                                    0x30005148   Section        0  _printf_charcount.o(.text)
    .text                                    0x30005170   Section        0  _printf_char_common.o(.text)
    _printf_input_char                       0x30005171   Thumb Code    10  _printf_char_common.o(.text)
    .text                                    0x300051a0   Section        0  _sputc.o(.text)
    .text                                    0x300051ac   Section        0  _printf_wctomb.o(.text)
    .text                                    0x30005274   Section        0  _printf_longlong_dec.o(.text)
    .text                                    0x300052f0   Section        0  _printf_oct_int_ll.o(.text)
    _printf_longlong_oct_internal            0x300052f1   Thumb Code     0  _printf_oct_int_ll.o(.text)
    .text                                    0x30005370   Section        0  _printf_hex_int_ll_ptr.o(.text)
    _printf_hex_common                       0x30005371   Thumb Code     0  _printf_hex_int_ll_ptr.o(.text)
    .text                                    0x30005410   Section        0  __printf_flags_ss_wp.o(.text)
    .text                                    0x300055ac   Section        0  strtol.o(.text)
    .text                                    0x30005620   Section       12  libspace.o(.text)
    .text                                    0x30005630   Section      160  lludiv10.o(.text)
    .text                                    0x300056d0   Section        0  _printf_intcommon.o(.text)
    .text                                    0x3000578c   Section        0  _printf_fp_dec.o(.text)
    _fp_digits                               0x3000578f   Thumb Code   414  _printf_fp_dec.o(.text)
    .text                                    0x30005bb4   Section        0  _printf_char.o(.text)
    .text                                    0x30005bf0   Section        0  _printf_wchar.o(.text)
    .text                                    0x30005c22   Section        0  _strtoul.o(.text)
    .text                                    0x30005cce   Section        0  _wcrtomb.o(.text)
    .text                                    0x30005d18   Section      160  strcmp.o(.text)
    .text                                    0x30005dbc   Section       44  rtudiv10.o(.text)
    .text                                    0x30005de8   Section        0  _printf_fp_infnan.o(.text)
    .text                                    0x30005e78   Section        0  _chval.o(.text)
    .text                                    0x30005e98   Section        0  bigflt0.o(.text)
    .text                                    0x30005f70   Section        0  exit.o(.text)
    .text                                    0x30005f84   Section        0  sys_exit.o(.text)
    .text                                    0x30005f90   Section       12  rt_fp_status_addr_intlibspace.o(.text)
    .text                                    0x30005f9c   Section        4  use_no_semi.o(.text)
    .text                                    0x30005fa0   Section        0  indicate_semi.o(.text)
    .text_udiv                               0x30005fa0   Section       36  aeabi_sdiv.o(.text_udiv)
    CL$$btod_d2e                             0x30005fc8   Section       56  btod.o(CL$$btod_d2e)
    CL$$btod_d2e_denorm_low                  0x30006000   Section       84  btod.o(CL$$btod_d2e_denorm_low)
    CL$$btod_d2e_norm_op1                    0x30006054   Section      104  btod.o(CL$$btod_d2e_norm_op1)
    CL$$btod_div_common                      0x300060bc   Section      844  btod.o(CL$$btod_div_common)
    CL$$btod_e2e                             0x30006408   Section      220  btod.o(CL$$btod_e2e)
    CL$$btod_ediv                            0x300064e8   Section       52  btod.o(CL$$btod_ediv)
    CL$$btod_emul                            0x30006520   Section       52  btod.o(CL$$btod_emul)
    CL$$btod_mult_common                     0x30006554   Section      616  btod.o(CL$$btod_mult_common)
    UCOS_ARM                                 0x300067bc   Section      444  os_cpu_a.o(UCOS_ARM)
    i.__ARM_common_call_via_r1               0x300069c0   Section        0  __printf.o(i.__ARM_common_call_via_r1)
    i.__ARM_common_call_via_r2               0x300069c2   Section        0  _printf_wctomb.o(i.__ARM_common_call_via_r2)
    i.__ARM_common_call_via_r3               0x300069c4   Section        0  _wcrtomb.o(i.__ARM_common_call_via_r3)
    i.__ARM_fpclassify                       0x300069cc   Section        0  fpclassify.o(i.__ARM_fpclassify)
    i._is_digit                              0x300069fc   Section        0  __printf_wp.o(i._is_digit)
    locale$$code                             0x30006a10   Section       80  lc_ctype_c.o(locale$$code)
    locale$$code                             0x30006a64   Section       80  lc_numeric_c.o(locale$$code)
    x$fpl$dadd                               0x30006ab4   Section      340  daddsub_noclz.o(x$fpl$dadd)
    _dadd1                                   0x30006ac4   ARM Code       0  daddsub_noclz.o(x$fpl$dadd)
    x$fpl$ddiv                               0x30006c08   Section      736  ddiv.o(x$fpl$ddiv)
    ddiv_entry                               0x30006c10   ARM Code       0  ddiv.o(x$fpl$ddiv)
    x$fpl$dfix                               0x30006ee8   Section      112  dfix.o(x$fpl$dfix)
    x$fpl$dflt                               0x30006f58   Section       88  dflt_noclz.o(x$fpl$dflt)
    x$fpl$dnaninf                            0x30006fb0   Section      192  dnaninf.o(x$fpl$dnaninf)
    x$fpl$dretinf                            0x30007070   Section       16  dretinf.o(x$fpl$dretinf)
    x$fpl$dsub                               0x30007080   Section      580  daddsub_noclz.o(x$fpl$dsub)
    _dsub1                                   0x30007090   ARM Code       0  daddsub_noclz.o(x$fpl$dsub)
    x$fpl$fpinit                             0x300072c8   Section       24  fpinit.o(x$fpl$fpinit)
    x$fpl$ieeestatus                         0x300072e4   Section        8  istatus.o(x$fpl$ieeestatus)
    x$fpl$printf1                            0x300072ec   Section        4  printf1.o(x$fpl$printf1)
    .constdata                               0x300072f0   Section      256  os_core.o(.constdata)
    x$fpl$usenofp                            0x300072f0   Section        0  usenofp.o(x$fpl$usenofp)
    .constdata                               0x300073f0   Section        8  _printf_wctomb.o(.constdata)
    initial_mbstate                          0x300073f0   Data           8  _printf_wctomb.o(.constdata)
    .constdata                               0x300073f8   Section       40  _printf_hex_int_ll_ptr.o(.constdata)
    uc_hextab                                0x300073f8   Data          20  _printf_hex_int_ll_ptr.o(.constdata)
    lc_hextab                                0x3000740c   Data          20  _printf_hex_int_ll_ptr.o(.constdata)
    .constdata                               0x30007420   Section       17  __printf_flags_ss_wp.o(.constdata)
    maptable                                 0x30007420   Data          17  __printf_flags_ss_wp.o(.constdata)
    .constdata                               0x30007434   Section      148  bigflt0.o(.constdata)
    tenpwrs_x                                0x30007434   Data          60  bigflt0.o(.constdata)
    tenpwrs_i                                0x30007470   Data          64  bigflt0.o(.constdata)
    locale$$data                             0x300074c8   Section      272  lc_ctype_c.o(locale$$data)
    __lcctype_c_name                         0x300074cc   Data           2  lc_ctype_c.o(locale$$data)
    __lcctype_c_start                        0x300074d4   Data           0  lc_ctype_c.o(locale$$data)
    locale$$data                             0x300075d8   Section       28  lc_numeric_c.o(locale$$data)
    __lcctype_c_end                          0x300075d8   Data           0  lc_ctype_c.o(locale$$data)
    __lcnum_c_name                           0x300075dc   Data           2  lc_numeric_c.o(locale$$data)
    __lcnum_c_start                          0x300075e4   Data           0  lc_numeric_c.o(locale$$data)
    __lcnum_c_point                          0x300075f0   Data           0  lc_numeric_c.o(locale$$data)
    __lcnum_c_thousands                      0x300075f2   Data           0  lc_numeric_c.o(locale$$data)
    __lcnum_c_grouping                       0x300075f3   Data           0  lc_numeric_c.o(locale$$data)
    __lcnum_c_end                            0x300075f4   Data           0  lc_numeric_c.o(locale$$data)
    .data                                    0x30800000   Section       12  2440lib.o(.data)
    delayLoopCount                           0x30800000   Data           4  2440lib.o(.data)
    whichUart                                0x30800004   Data           4  2440lib.o(.data)
    .data                                    0x3080000c   Section        1  main.o(.data)
    .data                                    0x30800010   Section       68  os_core.o(.data)
    .bss                                     0x30800054   Section    28672  main.o(.bss)
    .bss                                     0x30807054   Section     5152  os_core.o(.bss)
    .bss                                     0x30808474   Section       96  libspace.o(.bss)
    HEAP                                     0x308084d8   Section        0  s3c2440a.o(HEAP)
    STACK                                    0x308084d8   Section     1160  s3c2440a.o(STACK)
    Heap_Mem                                 0x308084d8   Data           0  s3c2440a.o(HEAP)
    Stack_Mem                                0x308084d8   Data        1160  s3c2440a.o(STACK)
    Stack_Top                                0x30808960   Data           0  s3c2440a.o(STACK)

    Global Symbols

    Symbol Name                              Value     Ov Type        Size  Object(Section)

    BuildAttributes$$THM_ISAv1$ARM_ISAv4$S$PE$A:L22$X:L11$S22$IEEE1$IW$USESV6$~STKCKD$USESV7$~SHL$OTIME$ROPI$IEEEJ$EBA8$UX$STANDARDLIB$REQ8$PRES8$EABIv2 0x00000000   Number         0  anon$$obj.o ABSOLUTE
    __ARM_use_no_argv                        0x00000000   Number         0  main.o ABSOLUTE
    _printf_flags                            0x00000000   Number         0  printf_stubs.o ABSOLUTE
    _printf_return_value                     0x00000000   Number         0  printf_stubs.o ABSOLUTE
    _printf_sizespec                         0x00000000   Number         0  printf_stubs.o ABSOLUTE
    _printf_widthprec                        0x00000000   Number         0  printf_stubs.o ABSOLUTE
    __ARM_exceptions_init                     - Undefined Weak Reference
    __alloca_initialize                       - Undefined Weak Reference
    __cpp_initialize__aeabi_                  - Undefined Weak Reference
    __cxa_finalize                            - Undefined Weak Reference
    __sigvec_lookup                           - Undefined Weak Reference
    _atexit_init                              - Undefined Weak Reference
    _call_atexit_fns                          - Undefined Weak Reference
    _clock_init                               - Undefined Weak Reference
    _fp_trap_init                             - Undefined Weak Reference
    _fp_trap_shutdown                         - Undefined Weak Reference
    _get_lc_collate                           - Undefined Weak Reference
    _get_lc_monetary                          - Undefined Weak Reference
    _get_lc_time                              - Undefined Weak Reference
    _getenv_init                              - Undefined Weak Reference
    _handle_redirection                       - Undefined Weak Reference
    _init_alloc                               - Undefined Weak Reference
    _init_user_alloc                          - Undefined Weak Reference
    _initio                                   - Undefined Weak Reference
    _printf_fp_hex                            - Undefined Weak Reference
    _printf_mbtowc                            - Undefined Weak Reference
    _printf_wc                                - Undefined Weak Reference
    _rand_init                                - Undefined Weak Reference
    _signal_finish                            - Undefined Weak Reference
    _signal_init                              - Undefined Weak Reference
    _terminate_alloc                          - Undefined Weak Reference
    _terminate_user_alloc                     - Undefined Weak Reference
    _terminateio                              - Undefined Weak Reference
    Reset_Handler                            0x000000cc   ARM Code       0  s3c2440a.o(RESET)
    __main                                   0x00000200   ARM Code       8  __main.o(!!!main)
    __scatterload                            0x00000208   ARM Code       0  __scatter.o(!!!scatter)
    __scatterload_rt2                        0x00000208   ARM Code      52  __scatter.o(!!!scatter)
    __scatterload_null                       0x0000021c   ARM Code       0  __scatter.o(!!!scatter)
    __scatterload_copy                       0x00000244   ARM Code      40  __scatter_copy.o(!!handler_copy)
    __scatterload_zeroinit                   0x0000026c   ARM Code      44  __scatter_zi.o(!!handler_zi)
    Nand_Reset                               0x00000298   ARM Code     132  nandflash.o(.text)
    Nand_Init                                0x0000031c   ARM Code      52  nandflash.o(.text)
    __RdPage2048                             0x00000350   ARM Code      44  nandflash.o(.text)
    Nand_ReadSectorPage2048                  0x0000037c   ARM Code     188  nandflash.o(.text)
    Nand_IsBadBlock                          0x00000438   ARM Code     172  nandflash.o(.text)
    Nand_Copy2SDRAM                          0x000004e4   ARM Code     316  nandflash.o(.text)
    Long ARM to ARM Veneer to OS_CPU_IRQ_ISR 0x00000624   ARM Code       8  anon$$obj.o(Veneer$$Code)
    Long ARM to ARM Veneer to __rt_entry     0x0000062c   ARM Code       8  anon$$obj.o(Veneer$$Code)
    Region$$Table$$Base                      0x00000634   Number         0  anon$$obj.o(Region$$Table)
    Image$$ER_ROM1$$Limit                    0x00000664   Number         0  anon$$obj.o(Region$$Table)
    Region$$Table$$Limit                     0x00000664   Number         0  anon$$obj.o(Region$$Table)
    Image$$ER_ROM2$$Length                   0x000075f4   Number         0  anon$$obj.o ABSOLUTE
    Inline Thumb to ARM Veneer to _printf_percent 0x30000001   Thumb Code     4  _printf_percent.o(.ARM.Collect$$_printf_percent$$00000000)
    _printf_n                                0x30000004   ARM Code       0  _printf_n.o(.ARM.Collect$$_printf_percent$$00000001)
    _printf_percent                          0x30000004   ARM Code       0  _printf_percent.o(.ARM.Collect$$_printf_percent$$00000000)
    _printf_p                                0x3000000c   ARM Code       0  _printf_p.o(.ARM.Collect$$_printf_percent$$00000002)
    _printf_f                                0x30000014   ARM Code       0  _printf_f.o(.ARM.Collect$$_printf_percent$$00000003)
    _printf_e                                0x3000001c   ARM Code       0  _printf_e.o(.ARM.Collect$$_printf_percent$$00000004)
    _printf_g                                0x30000024   ARM Code       0  _printf_g.o(.ARM.Collect$$_printf_percent$$00000005)
    _printf_a                                0x3000002c   ARM Code       0  _printf_a.o(.ARM.Collect$$_printf_percent$$00000006)
    _printf_ll                               0x30000034   ARM Code       0  _printf_ll.o(.ARM.Collect$$_printf_percent$$00000007)
    _printf_i                                0x30000040   ARM Code       0  _printf_i.o(.ARM.Collect$$_printf_percent$$00000008)
    _printf_d                                0x30000048   ARM Code       0  _printf_d.o(.ARM.Collect$$_printf_percent$$00000009)
    _printf_u                                0x30000050   ARM Code       0  _printf_u.o(.ARM.Collect$$_printf_percent$$0000000A)
    _printf_o                                0x30000058   ARM Code       0  _printf_o.o(.ARM.Collect$$_printf_percent$$0000000B)
    _printf_x                                0x30000060   ARM Code       0  _printf_x.o(.ARM.Collect$$_printf_percent$$0000000C)
    _printf_lli                              0x30000068   ARM Code       0  _printf_lli.o(.ARM.Collect$$_printf_percent$$0000000D)
    _printf_lld                              0x30000070   ARM Code       0  _printf_lld.o(.ARM.Collect$$_printf_percent$$0000000E)
    _printf_llu                              0x30000078   ARM Code       0  _printf_llu.o(.ARM.Collect$$_printf_percent$$0000000F)
    _printf_llo                              0x30000080   ARM Code       0  _printf_llo.o(.ARM.Collect$$_printf_percent$$00000010)
    _printf_llx                              0x30000088   ARM Code       0  _printf_llx.o(.ARM.Collect$$_printf_percent$$00000011)
    _printf_l                                0x30000090   ARM Code       0  _printf_l.o(.ARM.Collect$$_printf_percent$$00000012)
    _printf_c                                0x3000009c   ARM Code       0  _printf_c.o(.ARM.Collect$$_printf_percent$$00000013)
    _printf_s                                0x300000a4   ARM Code       0  _printf_s.o(.ARM.Collect$$_printf_percent$$00000014)
    _printf_lc                               0x300000ac   ARM Code       0  _printf_lc.o(.ARM.Collect$$_printf_percent$$00000015)
    _printf_ls                               0x300000b4   ARM Code       0  _printf_ls.o(.ARM.Collect$$_printf_percent$$00000016)
    _printf_percent_end                      0x300000bc   ARM Code       0  _printf_percent_end.o(.ARM.Collect$$_printf_percent$$00000017)
    Inline ARM to Thumb Veneer to __rt_lib_init 0x300000c4   ARM Code       8  libinit.o(.ARM.Collect$$libinit$$00000000)
    __rt_lib_init                            0x300000cd   Thumb Code     0  libinit.o(.ARM.Collect$$libinit$$00000000)
    __rt_lib_init_heap_1                     0x300000d3   Thumb Code     0  libinit2.o(.ARM.Collect$$libinit$$00000006)
    __rt_lib_init_lc_common                  0x300000d3   Thumb Code     0  libinit2.o(.ARM.Collect$$libinit$$0000000B)
    __rt_lib_init_rand_1                     0x300000d3   Thumb Code     0  libinit2.o(.ARM.Collect$$libinit$$0000000A)
    __rt_lib_init_user_alloc_1               0x300000d3   Thumb Code     0  libinit2.o(.ARM.Collect$$libinit$$00000008)
    __rt_lib_init_lc_collate_1               0x300000d9   Thumb Code     0  libinit2.o(.ARM.Collect$$libinit$$0000000D)
    __rt_lib_init_lc_ctype_2                 0x300000d9   Thumb Code     0  libinit2.o(.ARM.Collect$$libinit$$0000000E)
    __rt_lib_init_lc_ctype_1                 0x300000e5   Thumb Code     0  libinit2.o(.ARM.Collect$$libinit$$0000000F)
    __rt_lib_init_lc_monetary_1              0x300000e5   Thumb Code     0  libinit2.o(.ARM.Collect$$libinit$$00000011)
    __rt_lib_init_lc_numeric_2               0x300000e5   Thumb Code     0  libinit2.o(.ARM.Collect$$libinit$$00000012)
    __rt_lib_init_alloca_1                   0x300000ef   Thumb Code     0  libinit2.o(.ARM.Collect$$libinit$$0000002A)
    __rt_lib_init_argv_1                     0x300000ef   Thumb Code     0  libinit2.o(.ARM.Collect$$libinit$$00000028)
    __rt_lib_init_atexit_1                   0x300000ef   Thumb Code     0  libinit2.o(.ARM.Collect$$libinit$$00000017)
    __rt_lib_init_clock_1                    0x300000ef   Thumb Code     0  libinit2.o(.ARM.Collect$$libinit$$0000001D)
    __rt_lib_init_cpp_1                      0x300000ef   Thumb Code     0  libinit2.o(.ARM.Collect$$libinit$$0000002E)
    __rt_lib_init_exceptions_1               0x300000ef   Thumb Code     0  libinit2.o(.ARM.Collect$$libinit$$0000002C)
    __rt_lib_init_fp_trap_1                  0x300000ef   Thumb Code     0  libinit2.o(.ARM.Collect$$libinit$$0000001B)
    __rt_lib_init_getenv_1                   0x300000ef   Thumb Code     0  libinit2.o(.ARM.Collect$$libinit$$0000001F)
    __rt_lib_init_lc_numeric_1               0x300000ef   Thumb Code     0  libinit2.o(.ARM.Collect$$libinit$$00000013)
    __rt_lib_init_lc_time_1                  0x300000ef   Thumb Code     0  libinit2.o(.ARM.Collect$$libinit$$00000015)
    __rt_lib_init_return                     0x300000ef   Thumb Code     0  libinit2.o(.ARM.Collect$$libinit$$0000002F)
    __rt_lib_init_signal_1                   0x300000ef   Thumb Code     0  libinit2.o(.ARM.Collect$$libinit$$00000019)
    __rt_lib_init_stdio_1                    0x300000ef   Thumb Code     0  libinit2.o(.ARM.Collect$$libinit$$00000021)
    Inline ARM to Thumb Veneer to __rt_lib_shutdown 0x300000fc   ARM Code       8  libshutdown.o(.ARM.Collect$$libshutdown$$00000000)
    __rt_lib_shutdown                        0x30000105   Thumb Code     0  libshutdown.o(.ARM.Collect$$libshutdown$$00000000)
    __rt_lib_shutdown_fp_trap_1              0x30000109   Thumb Code     0  libshutdown2.o(.ARM.Collect$$libshutdown$$00000006)
    __rt_lib_shutdown_heap_1                 0x30000109   Thumb Code     0  libshutdown2.o(.ARM.Collect$$libshutdown$$0000000E)
    __rt_lib_shutdown_return                 0x30000109   Thumb Code     0  libshutdown2.o(.ARM.Collect$$libshutdown$$0000000F)
    __rt_lib_shutdown_signal_1               0x30000109   Thumb Code     0  libshutdown2.o(.ARM.Collect$$libshutdown$$00000009)
    __rt_lib_shutdown_stdio_1                0x30000109   Thumb Code     0  libshutdown2.o(.ARM.Collect$$libshutdown$$00000003)
    __rt_lib_shutdown_user_alloc_1           0x30000109   Thumb Code     0  libshutdown2.o(.ARM.Collect$$libshutdown$$0000000B)
    __rt_entry                               0x30000110   ARM Code       0  rtentry.o(.ARM.Collect$$rtentry$$00000000)
    __rt_entry_presh_1                       0x30000110   ARM Code       0  rtentry2.o(.ARM.Collect$$rtentry$$00000002)
    __rt_entry_sh                            0x30000110   ARM Code       0  rtentry4.o(.ARM.Collect$$rtentry$$00000004)
    __rt_entry_li                            0x30000118   ARM Code       0  rtentry2.o(.ARM.Collect$$rtentry$$0000000A)
    __rt_entry_postsh_1                      0x30000118   ARM Code       0  rtentry2.o(.ARM.Collect$$rtentry$$00000009)
    __rt_entry_main                          0x3000011c   ARM Code       0  rtentry2.o(.ARM.Collect$$rtentry$$0000000D)
    __rt_entry_postli_1                      0x3000011c   ARM Code       0  rtentry2.o(.ARM.Collect$$rtentry$$0000000C)
    Inline Thumb to ARM Veneer to __rt_exit  0x30000145   Thumb Code     4  rtexit.o(.ARM.Collect$$rtexit$$00000000)
    __rt_exit                                0x30000148   ARM Code       0  rtexit.o(.ARM.Collect$$rtexit$$00000000)
    __rt_exit_ls                             0x3000014c   ARM Code       0  rtexit2.o(.ARM.Collect$$rtexit$$00000003)
    __rt_exit_prels_1                        0x3000014c   ARM Code       0  rtexit2.o(.ARM.Collect$$rtexit$$00000002)
    __rt_exit_exit                           0x30000150   ARM Code       0  rtexit2.o(.ARM.Collect$$rtexit$$00000004)
    __user_initial_stackheap                 0x30000158   ARM Code       0  s3c2440a.o(.text)
    Delay                                    0x30000178   ARM Code     180  2440lib.o(.text)
    Port_Init                                0x3000022c   ARM Code     184  2440lib.o(.text)
    Uart_Init                                0x300002e4   ARM Code     452  2440lib.o(.text)
    Uart_Select                              0x300004a8   ARM Code      12  2440lib.o(.text)
    Uart_TxEmpty                             0x300004b4   ARM Code      96  2440lib.o(.text)
    Uart_Getch                               0x30000514   ARM Code     152  2440lib.o(.text)
    Uart_GetKey                              0x300005ac   ARM Code     164  2440lib.o(.text)
    Uart_SendByte                            0x30000650   ARM Code     324  2440lib.o(.text)
    Uart_SendString                          0x30000794   ARM Code      40  2440lib.o(.text)
    Uart_Printf                              0x300007bc   ARM Code      64  2440lib.o(.text)
    Uart_GetString                           0x300007fc   ARM Code     100  2440lib.o(.text)
    Uart_GetIntNum                           0x30000860   ARM Code     456  2440lib.o(.text)
    Led_Display                              0x30000a28   ARM Code      36  2440lib.o(.text)
    Timer_Start                              0x30000a4c   ARM Code      52  2440lib.o(.text)
    Timer_Stop                               0x30000a80   ARM Code      32  2440lib.o(.text)
    ChangeMPllValue                          0x30000aa0   ARM Code      24  2440lib.o(.text)
    ChangeClockDivider                       0x30000ab8   ARM Code     276  2440lib.o(.text)
    ChangeUPllValue                          0x30000bcc   ARM Code      24  2440lib.o(.text)
    malloc                                   0x30000be4   ARM Code     104  2440lib.o(.text)
    free                                     0x30000c4c   ARM Code      12  2440lib.o(.text)
    dely                                     0x30000c60   ARM Code      44  led_test.o(.text)
    led_test1                                0x30000c8c   ARM Code      24  led_test.o(.text)
    led_test2                                0x30000ca4   ARM Code      68  led_test.o(.text)
    led_test3                                0x30000ce8   ARM Code      68  led_test.o(.text)
    led_test4                                0x30000d2c   ARM Code      68  led_test.o(.text)
    Task2                                    0x30000d74   ARM Code      52  main.o(.text)
    Task1                                    0x30000da8   ARM Code      52  main.o(.text)
    Task0                                    0x30000ddc   ARM Code      52  main.o(.text)
    Isr_Init                                 0x30000e10   ARM Code      52  main.o(.text)
    Timer0Init                               0x30000e44   ARM Code     136  main.o(.text)
    MainTask                                 0x30000ecc   ARM Code     136  main.o(.text)
    target_init                              0x30000f54   ARM Code     212  main.o(.text)
    main                                     0x30001028   ARM Code      64  main.o(.text)
    OSTaskStkInit                            0x30001098   ARM Code     216  os_cpu_c.o(.text)
    OSInitHookBegin                          0x30001170   ARM Code       4  os_cpu_c.o(.text)
    OSInitHookEnd                            0x30001174   ARM Code       4  os_cpu_c.o(.text)
    OSTaskCreateHook                         0x30001178   ARM Code       8  os_cpu_c.o(.text)
    OSTaskDelHook                            0x30001180   ARM Code       8  os_cpu_c.o(.text)
    OSTaskSwHook                             0x30001188   ARM Code      16  os_cpu_c.o(.text)
    OSTaskStatHook                           0x30001198   ARM Code       4  os_cpu_c.o(.text)
    OSTCBInitHook                            0x3000119c   ARM Code       8  os_cpu_c.o(.text)
    OSTimeTickHook                           0x300011a4   ARM Code       4  os_cpu_c.o(.text)
    OSTaskIdleHook                           0x300011a8   ARM Code       4  os_cpu_c.o(.text)
    OS_StrCopy                               0x300011ac   ARM Code      52  os_core.o(.text)
    OSEventNameGet                           0x300011e0   ARM Code     220  os_core.o(.text)
    OS_StrLen                                0x300012bc   ARM Code      40  os_core.o(.text)
    OSEventNameSet                           0x300012e4   ARM Code     240  os_core.o(.text)
    OS_TaskStat                              0x300013d4   ARM Code     228  os_core.o(.text)
    OS_TaskIdle                              0x300014e8   ARM Code      52  os_core.o(.text)
    OS_MemClr                                0x3000154c   ARM Code      36  os_core.o(.text)
    OSInit                                   0x3000179c   ARM Code      56  os_core.o(.text)
    OSIntEnter                               0x300017d4   ARM Code      56  os_core.o(.text)
    OSIntExit                                0x3000183c   ARM Code     216  os_core.o(.text)
    OSSchedLock                              0x30001914   ARM Code     100  os_core.o(.text)
    OS_Sched                                 0x30001978   ARM Code     164  os_core.o(.text)
    OSSchedUnlock                            0x30001a1c   ARM Code     156  os_core.o(.text)
    OSStart                                  0x30001ab8   ARM Code      92  os_core.o(.text)
    OSStatInit                               0x30001b14   ARM Code     104  os_core.o(.text)
    OSTimeTick                               0x30001b7c   ARM Code     264  os_core.o(.text)
    OSVersion                                0x30001c84   ARM Code       8  os_core.o(.text)
    OS_Dummy                                 0x30001c8c   ARM Code       4  os_core.o(.text)
    OS_EventTaskRdy                          0x30001c90   ARM Code     220  os_core.o(.text)
    OS_EventTaskWait                         0x30001d6c   ARM Code     188  os_core.o(.text)
    OS_EventTO                               0x30001e28   ARM Code     128  os_core.o(.text)
    OS_EventWaitListInit                     0x30001ea8   ARM Code      48  os_core.o(.text)
    OS_MemCopy                               0x30001ed8   ARM Code      36  os_core.o(.text)
    OS_TCBInit                               0x30001efc   ARM Code     424  os_core.o(.text)
    OSFlagAccept                             0x300020c4   ARM Code     472  os_flag.o(.text)
    OSFlagCreate                             0x3000229c   ARM Code     188  os_flag.o(.text)
    OS_FlagUnlink                            0x30002358   ARM Code      88  os_flag.o(.text)
    OSFlagDel                                0x30002444   ARM Code     444  os_flag.o(.text)
    OSFlagNameGet                            0x30002600   ARM Code     196  os_flag.o(.text)
    OSFlagNameSet                            0x300026c4   ARM Code     216  os_flag.o(.text)
    OSFlagPend                               0x3000289c   ARM Code     988  os_flag.o(.text)
    OSFlagPendGetFlagsRdy                    0x30002c78   ARM Code      48  os_flag.o(.text)
    OSFlagPost                               0x30002ca8   ARM Code     584  os_flag.o(.text)
    OSFlagQuery                              0x30002ef0   ARM Code     124  os_flag.o(.text)
    OS_FlagInit                              0x30002f6c   ARM Code     132  os_flag.o(.text)
    OSMemCreate                              0x3000300c   ARM Code     328  os_mem.o(.text)
    OSMemGet                                 0x30003154   ARM Code     152  os_mem.o(.text)
    OSMemNameGet                             0x300031ec   ARM Code     160  os_mem.o(.text)
    OSMemNameSet                             0x3000328c   ARM Code     184  os_mem.o(.text)
    OSMemPut                                 0x30003344   ARM Code     132  os_mem.o(.text)
    OSMemQuery                               0x300033c8   ARM Code     132  os_mem.o(.text)
    OS_MemInit                               0x3000344c   ARM Code     128  os_mem.o(.text)
    OSQAccept                                0x300034d4   ARM Code     204  os_q.o(.text)
    OSQCreate                                0x300035a0   ARM Code     276  os_q.o(.text)
    OSQDel                                   0x300036b4   ARM Code     500  os_q.o(.text)
    OSQFlush                                 0x300038a8   ARM Code     104  os_q.o(.text)
    OSQPend                                  0x30003910   ARM Code     468  os_q.o(.text)
    OSQPost                                  0x30003ae4   ARM Code     220  os_q.o(.text)
    OSQPostFront                             0x30003bc0   ARM Code     224  os_q.o(.text)
    OSQPostOpt                               0x30003ca0   ARM Code     332  os_q.o(.text)
    OSQQuery                                 0x30003dec   ARM Code     200  os_q.o(.text)
    OS_QInit                                 0x30003eb4   ARM Code      88  os_q.o(.text)
    OSTaskChangePrio                         0x30003f24   ARM Code     516  os_task.o(.text)
    OSTaskCreate                             0x30004128   ARM Code     268  os_task.o(.text)
    OSTaskDel                                0x30004234   ARM Code     584  os_task.o(.text)
    OSTaskDelReq                             0x3000447c   ARM Code     188  os_task.o(.text)
    OSTaskNameGet                            0x30004538   ARM Code     236  os_task.o(.text)
    OSTaskNameSet                            0x30004624   ARM Code     252  os_task.o(.text)
    OSTaskResume                             0x30004720   ARM Code     260  os_task.o(.text)
    OSTaskSuspend                            0x30004824   ARM Code     288  os_task.o(.text)
    OSTaskQuery                              0x30004944   ARM Code     176  os_task.o(.text)
    OSTimeDly                                0x30004a1c   ARM Code     152  os_time.o(.text)
    OSTimeDlyHMSM                            0x30004ab4   ARM Code     232  os_time.o(.text)
    OSTimeDlyResume                          0x30004b9c   ARM Code     276  os_time.o(.text)
    OSTimeGet                                0x30004cb0   ARM Code      44  os_time.o(.text)
    OSTimeSet                                0x30004cdc   ARM Code      44  os_time.o(.text)
    Inline Thumb to ARM Veneer to __rt_ctype_table 0x30004d21   Thumb Code     4  rt_ctype_table.o(.text)
    __rt_ctype_table                         0x30004d24   ARM Code      24  rt_ctype_table.o(.text)
    Inline ARM to Thumb Veneer to __c89vsprintf 0x30004d3c   ARM Code       8  c89vsprintf.o(.text)
    __c89vsprintf                            0x30004d45   Thumb Code    36  c89vsprintf.o(.text)
    Inline ARM to Thumb Veneer to atoi       0x30004d6c   ARM Code       8  atoi.o(.text)
    atoi                                     0x30004d75   Thumb Code    30  atoi.o(.text)
    Inline ARM to Thumb Veneer to strlen     0x30004d94   ARM Code       8  strlen.o(.text)
    strlen                                   0x30004d9d   Thumb Code    64  strlen.o(.text)
    Inline Thumb to ARM Veneer to __aeabi_idivmod 0x30004de1   Thumb Code     4  aeabi_sdiv.o(.text)
    __aeabi_idiv                             0x30004de4   ARM Code       0  aeabi_sdiv.o(.text)
    __aeabi_idivmod                          0x30004de4   ARM Code     384  aeabi_sdiv.o(.text)
    __use_two_region_memory                  0x30004f65   Thumb Code     2  heapauxi.o(.text)
    __rt_heap_escrow$2region                 0x30004f67   Thumb Code     2  heapauxi.o(.text)
    __rt_heap_expand$2region                 0x30004f69   Thumb Code     2  heapauxi.o(.text)
    __user_setup_stackheap                   0x30004f6c   ARM Code      96  sys_stackheap_outer.o(.text)
    Inline Thumb to ARM Veneer to __rt_locale 0x30004fcd   Thumb Code     4  rt_locale_intlibspace.o(.text)
    __rt_locale                              0x30004fd0   ARM Code      12  rt_locale_intlibspace.o(.text)
    Inline Thumb to ARM Veneer to __aeabi_errno_addr 0x30004fdd   Thumb Code     4  rt_errno_addr_intlibspace.o(.text)
    __aeabi_errno_addr                       0x30004fe0   ARM Code      12  rt_errno_addr_intlibspace.o(.text)
    __errno$intlibspace                      0x30004fe0   ARM Code       0  rt_errno_addr_intlibspace.o(.text)
    __rt_errno_addr$intlibspace              0x30004fe0   ARM Code       0  rt_errno_addr_intlibspace.o(.text)
    _printf_pre_padding                      0x30004fed   Thumb Code    50  _printf_pad.o(.text)
    _printf_post_padding                     0x3000501f   Thumb Code    36  _printf_pad.o(.text)
    _printf_truncate_signed                  0x30005043   Thumb Code    22  _printf_truncate.o(.text)
    _printf_truncate_unsigned                0x30005059   Thumb Code    22  _printf_truncate.o(.text)
    _printf_str                              0x3000506f   Thumb Code    88  _printf_str.o(.text)
    Inline ARM to Thumb Veneer to _printf_int_dec 0x300050c8   ARM Code       8  _printf_dec.o(.text)
    _printf_int_dec                          0x300050d1   Thumb Code    94  _printf_dec.o(.text)
    Inline ARM to Thumb Veneer to _printf_charcount 0x30005140   ARM Code       8  _printf_charcount.o(.text)
    _printf_charcount                        0x30005149   Thumb Code    40  _printf_charcount.o(.text)
    _printf_char_common                      0x3000517b   Thumb Code    34  _printf_char_common.o(.text)
    _sputc                                   0x300051a1   Thumb Code    10  _sputc.o(.text)
    _printf_wctomb                           0x300051ad   Thumb Code   188  _printf_wctomb.o(.text)
    Inline ARM to Thumb Veneer to _printf_longlong_dec 0x3000526c   ARM Code       8  _printf_longlong_dec.o(.text)
    _printf_longlong_dec                     0x30005275   Thumb Code    98  _printf_longlong_dec.o(.text)
    Inline ARM to Thumb Veneer to _printf_int_oct 0x300052e8   ARM Code       8  _printf_oct_int_ll.o(.text)
    _printf_longlong_oct                     0x300052f1   Thumb Code    72  _printf_oct_int_ll.o(.text)
    _printf_int_oct                          0x30005339   Thumb Code    28  _printf_oct_int_ll.o(.text)
    _printf_ll_oct                           0x30005355   Thumb Code    10  _printf_oct_int_ll.o(.text)
    Inline ARM to Thumb Veneer to _printf_hex_ptr 0x30005368   ARM Code       8  _printf_hex_int_ll_ptr.o(.text)
    _printf_longlong_hex                     0x30005371   Thumb Code    92  _printf_hex_int_ll_ptr.o(.text)
    _printf_int_hex                          0x300053cd   Thumb Code    32  _printf_hex_int_ll_ptr.o(.text)
    _printf_ll_hex                           0x300053ed   Thumb Code    10  _printf_hex_int_ll_ptr.o(.text)
    _printf_hex_ptr                          0x300053f7   Thumb Code    22  _printf_hex_int_ll_ptr.o(.text)
    __printf                                 0x30005411   Thumb Code   408  __printf_flags_ss_wp.o(.text)
    strtol                                   0x300055ad   Thumb Code   112  strtol.o(.text)
    __user_libspace                          0x30005620   ARM Code      12  libspace.o(.text)
    __user_perproc_libspace                  0x30005620   ARM Code       0  libspace.o(.text)
    __user_perthread_libspace                0x30005620   ARM Code       0  libspace.o(.text)
    Inline Thumb to ARM Veneer to _ll_udiv10 0x3000562d   Thumb Code     4  lludiv10.o(.text)
    _ll_udiv10                               0x30005630   ARM Code     160  lludiv10.o(.text)
    _printf_int_common                       0x300056d1   Thumb Code   186  _printf_intcommon.o(.text)
    __lib_sel_fp_printf                      0x3000578d   Thumb Code     2  _printf_fp_dec.o(.text)
    _printf_fp_dec_real                      0x3000592d   Thumb Code   626  _printf_fp_dec.o(.text)
    Inline ARM to Thumb Veneer to _printf_char 0x30005bac   ARM Code       8  _printf_char.o(.text)
    _printf_cs_common                        0x30005bb5   Thumb Code    26  _printf_char.o(.text)
    _printf_char                             0x30005bcf   Thumb Code    16  _printf_char.o(.text)
    _printf_string                           0x30005bdf   Thumb Code     8  _printf_char.o(.text)
    Inline ARM to Thumb Veneer to _printf_wchar 0x30005be8   ARM Code       8  _printf_wchar.o(.text)
    _printf_lcs_common                       0x30005bf1   Thumb Code    26  _printf_wchar.o(.text)
    _printf_wchar                            0x30005c0b   Thumb Code    16  _printf_wchar.o(.text)
    _printf_wstring                          0x30005c1b   Thumb Code     8  _printf_wchar.o(.text)
    _strtoul                                 0x30005c23   Thumb Code   172  _strtoul.o(.text)
    _wcrtomb                                 0x30005ccf   Thumb Code    74  _wcrtomb.o(.text)
    strcmp                                   0x30005d18   ARM Code     156  strcmp.o(.text)
    Inline Thumb to ARM Veneer to __rt_udiv10 0x30005db9   Thumb Code     4  rtudiv10.o(.text)
    __rt_udiv10                              0x30005dbc   ARM Code      44  rtudiv10.o(.text)
    _printf_fp_infnan                        0x30005de9   Thumb Code   128  _printf_fp_infnan.o(.text)
    _chval                                   0x30005e79   Thumb Code    30  _chval.o(.text)
    _btod_etento                             0x30005e99   Thumb Code   210  bigflt0.o(.text)
    exit                                     0x30005f71   Thumb Code    12  exit.o(.text)
    Inline ARM to Thumb Veneer to _sys_exit  0x30005f7c   ARM Code       8  sys_exit.o(.text)
    _sys_exit                                0x30005f85   Thumb Code     8  sys_exit.o(.text)
    __rt_fp_status_addr                      0x30005f90   ARM Code      12  rt_fp_status_addr_intlibspace.o(.text)
    __I$use$semihosting                      0x30005f9c   ARM Code       0  use_no_semi.o(.text)
    __use_no_semihosting_swi                 0x30005f9c   ARM Code       4  use_no_semi.o(.text)
    __aeabi_uidiv                            0x30005fa0   ARM Code       0  aeabi_sdiv.o(.text_udiv)
    __aeabi_uidivmod                         0x30005fa0   ARM Code      36  aeabi_sdiv.o(.text_udiv)
    __semihosting_library_function           0x30005fa0   ARM Code       0  indicate_semi.o(.text)
    Inline Thumb to ARM Veneer to _btod_d2e  0x30005fc5   Thumb Code     4  btod.o(CL$$btod_d2e)
    _btod_d2e                                0x30005fc8   ARM Code      56  btod.o(CL$$btod_d2e)
    _d2e_denorm_low                          0x30006000   ARM Code      84  btod.o(CL$$btod_d2e_denorm_low)
    _d2e_norm_op1                            0x30006054   ARM Code     104  btod.o(CL$$btod_d2e_norm_op1)
    __btod_div_common                        0x300060bc   ARM Code     716  btod.o(CL$$btod_div_common)
    _e2e                                     0x30006408   ARM Code     220  btod.o(CL$$btod_e2e)
    Inline Thumb to ARM Veneer to _btod_ediv 0x300064e5   Thumb Code     4  btod.o(CL$$btod_ediv)
    _btod_ediv                               0x300064e8   ARM Code      52  btod.o(CL$$btod_ediv)
    Inline Thumb to ARM Veneer to _btod_emul 0x3000651d   Thumb Code     4  btod.o(CL$$btod_emul)
    _btod_emul                               0x30006520   ARM Code      52  btod.o(CL$$btod_emul)
    __btod_mult_common                       0x30006554   ARM Code     616  btod.o(CL$$btod_mult_common)
    OSStartHighRdy                           0x300067bc   ARM Code       0  os_cpu_a.o(UCOS_ARM)
    OSCtxSw                                  0x300067e8   ARM Code       0  os_cpu_a.o(UCOS_ARM)
    OSIntCtxSw                               0x30006840   ARM Code       0  os_cpu_a.o(UCOS_ARM)
    OSTickISR                                0x3000687c   ARM Code       0  os_cpu_a.o(UCOS_ARM)
    OS_CPU_IRQ_ISR                           0x300068ac   ARM Code       0  os_cpu_a.o(UCOS_ARM)
    OSCPUSaveSR                              0x30006930   ARM Code       0  os_cpu_a.o(UCOS_ARM)
    OSCPURestoreSR                           0x30006950   ARM Code       0  os_cpu_a.o(UCOS_ARM)
    Long ARM to Thumb Veneer to _printf_int_hex 0x30006978   ARM Code      12  anon$$obj.o(Veneer$$Code)
    Long ARM to Thumb Veneer to _printf_ll_oct 0x30006984   ARM Code      12  anon$$obj.o(Veneer$$Code)
    Long ARM to Thumb Veneer to _printf_ll_hex 0x30006990   ARM Code      12  anon$$obj.o(Veneer$$Code)
    Long ARM to Thumb Veneer to _printf_string 0x3000699c   ARM Code      12  anon$$obj.o(Veneer$$Code)
    Long ARM to Thumb Veneer to _printf_wstring 0x300069a8   ARM Code      12  anon$$obj.o(Veneer$$Code)
    Long ARM to Thumb Veneer to _printf_fp_dec_real 0x300069b4   ARM Code      12  anon$$obj.o(Veneer$$Code)
    __ARM_common_call_via_r1                 0x300069c1   Thumb Code     2  __printf.o(i.__ARM_common_call_via_r1)
    __ARM_common_call_via_r2                 0x300069c3   Thumb Code     2  _printf_wctomb.o(i.__ARM_common_call_via_r2)
    __ARM_common_call_via_r3                 0x300069c5   Thumb Code     2  _wcrtomb.o(i.__ARM_common_call_via_r3)
    Inline Thumb to ARM Veneer to __ARM_fpclassify 0x300069c9   Thumb Code     4  fpclassify.o(i.__ARM_fpclassify)
    __ARM_fpclassify                         0x300069cc   ARM Code      48  fpclassify.o(i.__ARM_fpclassify)
    _is_digit                                0x300069fd   Thumb Code    14  __printf_wp.o(i._is_digit)
    Inline Thumb to ARM Veneer to _get_lc_ctype 0x30006a0d   Thumb Code     4  lc_ctype_c.o(locale$$code)
    _get_lc_ctype                            0x30006a10   ARM Code      80  lc_ctype_c.o(locale$$code)
    Inline Thumb to ARM Veneer to _get_lc_numeric 0x30006a61   Thumb Code     4  lc_numeric_c.o(locale$$code)
    _get_lc_numeric                          0x30006a64   ARM Code      80  lc_numeric_c.o(locale$$code)
    __aeabi_dadd                             0x30006ab4   ARM Code       0  daddsub_noclz.o(x$fpl$dadd)
    _dadd                                    0x30006ab4   ARM Code     336  daddsub_noclz.o(x$fpl$dadd)
    __aeabi_ddiv                             0x30006c08   ARM Code       0  ddiv.o(x$fpl$ddiv)
    _ddiv                                    0x30006c08   ARM Code     600  ddiv.o(x$fpl$ddiv)
    __aeabi_d2iz                             0x30006ee8   ARM Code       0  dfix.o(x$fpl$dfix)
    _dfix                                    0x30006ee8   ARM Code     112  dfix.o(x$fpl$dfix)
    __aeabi_i2d                              0x30006f58   ARM Code       0  dflt_noclz.o(x$fpl$dflt)
    _dflt                                    0x30006f58   ARM Code      88  dflt_noclz.o(x$fpl$dflt)
    __dflt_normalise                         0x30006f68   ARM Code       0  dflt_noclz.o(x$fpl$dflt)
    __fpl_dnaninf                            0x30006fb0   ARM Code     192  dnaninf.o(x$fpl$dnaninf)
    __fpl_dretinf                            0x30007070   ARM Code      16  dretinf.o(x$fpl$dretinf)
    __aeabi_dsub                             0x30007080   ARM Code       0  daddsub_noclz.o(x$fpl$dsub)
    _dsub                                    0x30007080   ARM Code     576  daddsub_noclz.o(x$fpl$dsub)
    Inline Thumb to ARM Veneer to _fp_init   0x300072c5   Thumb Code     4  fpinit.o(x$fpl$fpinit)
    _fp_init                                 0x300072c8   ARM Code      24  fpinit.o(x$fpl$fpinit)
    __fplib_config_pureend_doubles           0x300072d8   ARM Code       0  fpinit.o(x$fpl$fpinit)
    Inline Thumb to ARM Veneer to __ieee_status 0x300072e1   Thumb Code     4  istatus.o(x$fpl$ieeestatus)
    __ieee_status                            0x300072e4   ARM Code       8  istatus.o(x$fpl$ieeestatus)
    _printf_fp_dec                           0x300072ec   ARM Code       4  printf1.o(x$fpl$printf1)
    OSUnMapTbl                               0x300072f0   Data         256  os_core.o(.constdata)
    __I$use$fp                               0x300072f0   ARM Code       0  usenofp.o(x$fpl$usenofp)
    __ctype                                  0x300074d5   Data           0  lc_ctype_c.o(locale$$data)
    mallocPt                                 0x30800008   Data           4  2440lib.o(.data)
    err                                      0x3080000c   Data           1  main.o(.data)
    OSCtxSwCtr                               0x30800010   Data           4  os_core.o(.data)
    OSEventFreeList                          0x30800014   Data           4  os_core.o(.data)
    OSFlagFreeList                           0x30800018   Data           4  os_core.o(.data)
    OSCPUUsage                               0x3080001c   Data           1  os_core.o(.data)
    OSIdleCtrMax                             0x30800020   Data           4  os_core.o(.data)
    OSIdleCtrRun                             0x30800024   Data           4  os_core.o(.data)
    OSStatRdy                                0x30800028   Data           1  os_core.o(.data)
    OSIntNesting                             0x30800029   Data           1  os_core.o(.data)
    OSLockNesting                            0x3080002a   Data           1  os_core.o(.data)
    OSPrioCur                                0x3080002b   Data           1  os_core.o(.data)
    OSPrioHighRdy                            0x3080002c   Data           1  os_core.o(.data)
    OSRdyGrp                                 0x3080002d   Data           1  os_core.o(.data)
    OSRdyTbl                                 0x3080002e   Data           4  os_core.o(.data)
    OSRunning                                0x30800032   Data           1  os_core.o(.data)
    OSTaskCtr                                0x30800033   Data           1  os_core.o(.data)
    OSIdleCtr                                0x30800034   Data           4  os_core.o(.data)
    OSTCBCur                                 0x30800038   Data           4  os_core.o(.data)
    OSTCBFreeList                            0x3080003c   Data           4  os_core.o(.data)
    OSTCBHighRdy                             0x30800040   Data           4  os_core.o(.data)
    OSTCBList                                0x30800044   Data           4  os_core.o(.data)
    OSMemFreeList                            0x30800048   Data           4  os_core.o(.data)
    OSQFreeList                              0x3080004c   Data           4  os_core.o(.data)
    OSTime                                   0x30800050   Data           4  os_core.o(.data)
    MainTaskStk                              0x30800054   Data        8192  main.o(.bss)
    Task0Stk                                 0x30802054   Data        4096  main.o(.bss)
    Task1Stk                                 0x30803054   Data        8192  main.o(.bss)
    Task2Stk                                 0x30805054   Data        8192  main.o(.bss)
    OSEventTbl                               0x30807054   Data         640  os_core.o(.bss)
    OSFlagTbl                                0x308072d4   Data         280  os_core.o(.bss)
    OSTaskStatStk                            0x308073ec   Data         512  os_core.o(.bss)
    OSTaskIdleStk                            0x308075ec   Data         512  os_core.o(.bss)
    OSTCBPrioTbl                             0x308077ec   Data         124  os_core.o(.bss)
    OSTCBTbl                                 0x30807868   Data        1584  os_core.o(.bss)
    OSMemTbl                                 0x30807e98   Data         900  os_core.o(.bss)
    OSQTbl                                   0x3080821c   Data         600  os_core.o(.bss)
    __libspace_start                         0x30808474   Data          96  libspace.o(.bss)
    __temporary_stack_top$libspace           0x308084d4   Data           0  libspace.o(.bss)
    HandleEINT0                              0x33ffff20   Number         0  s3c2440a.o ABSOLUTE



==============================================================================

Memory Map of the image

  Image Entry point : 0x00000200

  Load Region LR_ROM1 (Base: 0x00000000, Size: 0x00007cac, Max: 0x00200000, ABSOLUTE)

    Execution Region ER_ROM1 (Base: 0x00000000, Size: 0x00000664, Max: 0x00002000, ABSOLUTE)

    Base Addr    Size         Type   Attr      Idx    E Section Name        Object

    0x00000000   0x00000200   Code   RO            3    RESET               s3c2440a.o
    0x00000200   0x00000008   Code   RO          291  * !!!main             c_t.l(__main.o)
    0x00000208   0x0000003c   Code   RO          656    !!!scatter          c_t.l(__scatter.o)
    0x00000244   0x00000028   Code   RO          658    !!handler_copy      c_t.l(__scatter_copy.o)
    0x0000026c   0x0000002c   Code   RO          660    !!handler_zi        c_t.l(__scatter_zi.o)
    0x00000298   0x0000038c   Code   RO          103    .text               nandflash.o
    0x00000624   0x00000008   Ven    RO          691    Veneer$$Code        anon$$obj.o
    0x0000062c   0x00000008   Ven    RO          692    Veneer$$Code        anon$$obj.o
    0x00000634   0x00000030   Data   RO          655    Region$$Table       anon$$obj.o


    Execution Region ER_ROM2 (Base: 0x30000000, Size: 0x000075f4, Max: 0x08000000, ABSOLUTE)

    Base Addr    Size         Type   Attr      Idx    E Section Name        Object

    0x30000000   0x00000004   Ven    RO          416    .ARM.Collect$$_printf_percent$$00000000  c_t.l(_printf_percent.o)
    0x30000004   0x00000000   Code   RO          416    .ARM.Collect$$_printf_percent$$00000000  c_t.l(_printf_percent.o)
    0x30000004   0x00000008   Code   RO          405    .ARM.Collect$$_printf_percent$$00000001  c_t.l(_printf_n.o)
    0x3000000c   0x00000008   Code   RO          407    .ARM.Collect$$_printf_percent$$00000002  c_t.l(_printf_p.o)
    0x30000014   0x00000008   Code   RO          412    .ARM.Collect$$_printf_percent$$00000003  c_t.l(_printf_f.o)
    0x3000001c   0x00000008   Code   RO          413    .ARM.Collect$$_printf_percent$$00000004  c_t.l(_printf_e.o)
    0x30000024   0x00000008   Code   RO          414    .ARM.Collect$$_printf_percent$$00000005  c_t.l(_printf_g.o)
    0x3000002c   0x00000008   Code   RO          415    .ARM.Collect$$_printf_percent$$00000006  c_t.l(_printf_a.o)
    0x30000034   0x0000000c   Code   RO          420    .ARM.Collect$$_printf_percent$$00000007  c_t.l(_printf_ll.o)
    0x30000040   0x00000008   Code   RO          409    .ARM.Collect$$_printf_percent$$00000008  c_t.l(_printf_i.o)
    0x30000048   0x00000008   Code   RO          410    .ARM.Collect$$_printf_percent$$00000009  c_t.l(_printf_d.o)
    0x30000050   0x00000008   Code   RO          411    .ARM.Collect$$_printf_percent$$0000000A  c_t.l(_printf_u.o)
    0x30000058   0x00000008   Code   RO          408    .ARM.Collect$$_printf_percent$$0000000B  c_t.l(_printf_o.o)
    0x30000060   0x00000008   Code   RO          406    .ARM.Collect$$_printf_percent$$0000000C  c_t.l(_printf_x.o)
    0x30000068   0x00000008   Code   RO          417    .ARM.Collect$$_printf_percent$$0000000D  c_t.l(_printf_lli.o)
    0x30000070   0x00000008   Code   RO          418    .ARM.Collect$$_printf_percent$$0000000E  c_t.l(_printf_lld.o)
    0x30000078   0x00000008   Code   RO          419    .ARM.Collect$$_printf_percent$$0000000F  c_t.l(_printf_llu.o)
    0x30000080   0x00000008   Code   RO          424    .ARM.Collect$$_printf_percent$$00000010  c_t.l(_printf_llo.o)
    0x30000088   0x00000008   Code   RO          425    .ARM.Collect$$_printf_percent$$00000011  c_t.l(_printf_llx.o)
    0x30000090   0x0000000c   Code   RO          421    .ARM.Collect$$_printf_percent$$00000012  c_t.l(_printf_l.o)
    0x3000009c   0x00000008   Code   RO          403    .ARM.Collect$$_printf_percent$$00000013  c_t.l(_printf_c.o)
    0x300000a4   0x00000008   Code   RO          404    .ARM.Collect$$_printf_percent$$00000014  c_t.l(_printf_s.o)
    0x300000ac   0x00000008   Code   RO          422    .ARM.Collect$$_printf_percent$$00000015  c_t.l(_printf_lc.o)
    0x300000b4   0x00000008   Code   RO          423    .ARM.Collect$$_printf_percent$$00000016  c_t.l(_printf_ls.o)
    0x300000bc   0x00000008   Code   RO          472    .ARM.Collect$$_printf_percent$$00000017  c_t.l(_printf_percent_end.o)
    0x300000c4   0x00000008   Ven    RO          569    .ARM.Collect$$libinit$$00000000  c_t.l(libinit.o)
    0x300000cc   0x00000006   Code   RO          569    .ARM.Collect$$libinit$$00000000  c_t.l(libinit.o)
    0x300000d2   0x00000000   Code   RO          485    .ARM.Collect$$libinit$$00000006  c_t.l(libinit2.o)
    0x300000d2   0x00000000   Code   RO          487    .ARM.Collect$$libinit$$00000008  c_t.l(libinit2.o)
    0x300000d2   0x00000000   Code   RO          489    .ARM.Collect$$libinit$$0000000A  c_t.l(libinit2.o)
    0x300000d2   0x00000006   Code   RO          490    .ARM.Collect$$libinit$$0000000B  c_t.l(libinit2.o)
    0x300000d8   0x00000000   Code   RO          492    .ARM.Collect$$libinit$$0000000D  c_t.l(libinit2.o)
    0x300000d8   0x0000000c   Code   RO          493    .ARM.Collect$$libinit$$0000000E  c_t.l(libinit2.o)
    0x300000e4   0x00000000   Code   RO          494    .ARM.Collect$$libinit$$0000000F  c_t.l(libinit2.o)
    0x300000e4   0x00000000   Code   RO          496    .ARM.Collect$$libinit$$00000011  c_t.l(libinit2.o)
    0x300000e4   0x0000000a   Code   RO          497    .ARM.Collect$$libinit$$00000012  c_t.l(libinit2.o)
    0x300000ee   0x00000000   Code   RO          498    .ARM.Collect$$libinit$$00000013  c_t.l(libinit2.o)
    0x300000ee   0x00000000   Code   RO          500    .ARM.Collect$$libinit$$00000015  c_t.l(libinit2.o)
    0x300000ee   0x00000000   Code   RO          502    .ARM.Collect$$libinit$$00000017  c_t.l(libinit2.o)
    0x300000ee   0x00000000   Code   RO          504    .ARM.Collect$$libinit$$00000019  c_t.l(libinit2.o)
    0x300000ee   0x00000000   Code   RO          506    .ARM.Collect$$libinit$$0000001B  c_t.l(libinit2.o)
    0x300000ee   0x00000000   Code   RO          508    .ARM.Collect$$libinit$$0000001D  c_t.l(libinit2.o)
    0x300000ee   0x00000000   Code   RO          510    .ARM.Collect$$libinit$$0000001F  c_t.l(libinit2.o)
    0x300000ee   0x00000000   Code   RO          512    .ARM.Collect$$libinit$$00000021  c_t.l(libinit2.o)
    0x300000ee   0x00000000   Code   RO          516    .ARM.Collect$$libinit$$00000028  c_t.l(libinit2.o)
    0x300000ee   0x00000000   Code   RO          518    .ARM.Collect$$libinit$$0000002A  c_t.l(libinit2.o)
    0x300000ee   0x00000000   Code   RO          520    .ARM.Collect$$libinit$$0000002C  c_t.l(libinit2.o)
    0x300000ee   0x00000000   Code   RO          522    .ARM.Collect$$libinit$$0000002E  c_t.l(libinit2.o)
    0x300000ee   0x0000000c   Code   RO          523    .ARM.Collect$$libinit$$0000002F  c_t.l(libinit2.o)
    0x300000fa   0x00000002   PAD
    0x300000fc   0x00000008   Ven    RO          625    .ARM.Collect$$libshutdown$$00000000  c_t.l(libshutdown.o)
    0x30000104   0x00000004   Code   RO          625    .ARM.Collect$$libshutdown$$00000000  c_t.l(libshutdown.o)
    0x30000108   0x00000000   Code   RO          642    .ARM.Collect$$libshutdown$$00000003  c_t.l(libshutdown2.o)
    0x30000108   0x00000000   Code   RO          645    .ARM.Collect$$libshutdown$$00000006  c_t.l(libshutdown2.o)
    0x30000108   0x00000000   Code   RO          648    .ARM.Collect$$libshutdown$$00000009  c_t.l(libshutdown2.o)
    0x30000108   0x00000000   Code   RO          650    .ARM.Collect$$libshutdown$$0000000B  c_t.l(libshutdown2.o)
    0x30000108   0x00000000   Code   RO          653    .ARM.Collect$$libshutdown$$0000000E  c_t.l(libshutdown2.o)
    0x30000108   0x00000006   Code   RO          654    .ARM.Collect$$libshutdown$$0000000F  c_t.l(libshutdown2.o)
    0x3000010e   0x00000002   PAD
    0x30000110   0x00000000   Code   RO          313    .ARM.Collect$$rtentry$$00000000  c_t.l(rtentry.o)
    0x30000110   0x00000000   Code   RO          442    .ARM.Collect$$rtentry$$00000002  c_t.l(rtentry2.o)
    0x30000110   0x00000008   Code   RO          263    .ARM.Collect$$rtentry$$00000004  c_t.l(rtentry4.o)
    0x30000118   0x00000000   Code   RO          444    .ARM.Collect$$rtentry$$00000009  c_t.l(rtentry2.o)
    0x30000118   0x00000004   Code   RO          445    .ARM.Collect$$rtentry$$0000000A  c_t.l(rtentry2.o)
    0x3000011c   0x00000000   Code   RO          447    .ARM.Collect$$rtentry$$0000000C  c_t.l(rtentry2.o)
    0x3000011c   0x00000028   Code   RO          448    .ARM.Collect$$rtentry$$0000000D  c_t.l(rtentry2.o)
    0x30000144   0x00000004   Ven    RO          574    .ARM.Collect$$rtexit$$00000000  c_t.l(rtexit.o)
    0x30000148   0x00000004   Code   RO          574    .ARM.Collect$$rtexit$$00000000  c_t.l(rtexit.o)
    0x3000014c   0x00000000   Code   RO          593    .ARM.Collect$$rtexit$$00000002  c_t.l(rtexit2.o)
    0x3000014c   0x00000004   Code   RO          594    .ARM.Collect$$rtexit$$00000003  c_t.l(rtexit2.o)
    0x30000150   0x00000008   Code   RO          595    .ARM.Collect$$rtexit$$00000004  c_t.l(rtexit2.o)
    0x30000158   0x00000020   Code   RO            4    .text               s3c2440a.o
    0x30000178   0x00000ae8   Code   RO           11    .text               2440lib.o
    0x30000c60   0x00000114   Code   RO           59    .text               led_test.o
    0x30000d74   0x00000324   Code   RO           71    .text               main.o
    0x30001098   0x00000114   Code   RO          118    .text               os_cpu_c.o
    0x300011ac   0x00000f18   Code   RO          130    .text               os_core.o
    0x300020c4   0x00000f48   Code   RO          159    .text               os_flag.o
    0x3000300c   0x000004c8   Code   RO          183    .text               os_mem.o
    0x300034d4   0x00000a50   Code   RO          207    .text               os_q.o
    0x30003f24   0x00000af8   Code   RO          231    .text               os_task.o
    0x30004a1c   0x00000304   Code   RO          243    .text               os_time.o
    0x30004d20   0x00000004   Ven    RO          265    .text               c_t.l(rt_ctype_table.o)
    0x30004d24   0x00000018   Code   RO          265    .text               c_t.l(rt_ctype_table.o)
    0x30004d3c   0x00000008   Ven    RO          267    .text               c_t.l(c89vsprintf.o)
    0x30004d44   0x00000028   Code   RO          267    .text               c_t.l(c89vsprintf.o)
    0x30004d6c   0x00000008   Ven    RO          269    .text               c_t.l(atoi.o)
    0x30004d74   0x0000001e   Code   RO          269    .text               c_t.l(atoi.o)
    0x30004d92   0x00000002   PAD
    0x30004d94   0x00000008   Ven    RO          271    .text               c_t.l(strlen.o)
    0x30004d9c   0x00000044   Code   RO          271    .text               c_t.l(strlen.o)
    0x30004de0   0x00000004   Ven    RO          273    .text               c_t.l(aeabi_sdiv.o)
    0x30004de4   0x00000180   Code   RO          273    .text               c_t.l(aeabi_sdiv.o)
    0x30004f64   0x00000006   Code   RO          289    .text               c_t.l(heapauxi.o)
    0x30004f6a   0x00000002   PAD
    0x30004f6c   0x00000060   Code   RO          311    .text               c_t.l(sys_stackheap_outer.o)
    0x30004fcc   0x00000004   Ven    RO          321    .text               c_t.l(rt_locale_intlibspace.o)
    0x30004fd0   0x0000000c   Code   RO          321    .text               c_t.l(rt_locale_intlibspace.o)
    0x30004fdc   0x00000004   Ven    RO          326    .text               c_t.l(rt_errno_addr_intlibspace.o)
    0x30004fe0   0x0000000c   Code   RO          326    .text               c_t.l(rt_errno_addr_intlibspace.o)
    0x30004fec   0x00000056   Code   RO          334    .text               c_t.l(_printf_pad.o)
    0x30005042   0x0000002c   Code   RO          336    .text               c_t.l(_printf_truncate.o)
    0x3000506e   0x00000058   Code   RO          338    .text               c_t.l(_printf_str.o)
    0x300050c6   0x00000002   PAD
    0x300050c8   0x00000008   Ven    RO          340    .text               c_t.l(_printf_dec.o)
    0x300050d0   0x00000070   Code   RO          340    .text               c_t.l(_printf_dec.o)
    0x30005140   0x00000008   Ven    RO          342    .text               c_t.l(_printf_charcount.o)
    0x30005148   0x00000028   Code   RO          342    .text               c_t.l(_printf_charcount.o)
    0x30005170   0x00000030   Code   RO          344    .text               c_t.l(_printf_char_common.o)
    0x300051a0   0x0000000a   Code   RO          346    .text               c_t.l(_sputc.o)
    0x300051aa   0x00000002   PAD
    0x300051ac   0x000000c0   Code   RO          348    .text               c_t.l(_printf_wctomb.o)
    0x3000526c   0x00000008   Ven    RO          354    .text               c_t.l(_printf_longlong_dec.o)
    0x30005274   0x00000074   Code   RO          354    .text               c_t.l(_printf_longlong_dec.o)
    0x300052e8   0x00000008   Ven    RO          360    .text               c_t.l(_printf_oct_int_ll.o)
    0x300052f0   0x00000078   Code   RO          360    .text               c_t.l(_printf_oct_int_ll.o)
    0x30005368   0x00000008   Ven    RO          380    .text               c_t.l(_printf_hex_int_ll_ptr.o)
    0x30005370   0x000000a0   Code   RO          380    .text               c_t.l(_printf_hex_int_ll_ptr.o)
    0x30005410   0x0000019c   Code   RO          400    .text               c_t.l(__printf_flags_ss_wp.o)
    0x300055ac   0x00000074   Code   RO          426    .text               c_t.l(strtol.o)
    0x30005620   0x0000000c   Code   RO          438    .text               c_t.l(libspace.o)
    0x3000562c   0x00000004   Ven    RO          456    .text               c_t.l(lludiv10.o)
    0x30005630   0x000000a0   Code   RO          456    .text               c_t.l(lludiv10.o)
    0x300056d0   0x000000ba   Code   RO          458    .text               c_t.l(_printf_intcommon.o)
    0x3000578a   0x00000002   PAD
    0x3000578c   0x00000420   Code   RO          460    .text               c_t.l(_printf_fp_dec.o)
    0x30005bac   0x00000008   Ven    RO          468    .text               c_t.l(_printf_char.o)
    0x30005bb4   0x00000032   Code   RO          468    .text               c_t.l(_printf_char.o)
    0x30005be6   0x00000002   PAD
    0x30005be8   0x00000008   Ven    RO          470    .text               c_t.l(_printf_wchar.o)
    0x30005bf0   0x00000032   Code   RO          470    .text               c_t.l(_printf_wchar.o)
    0x30005c22   0x000000ac   Code   RO          473    .text               c_t.l(_strtoul.o)
    0x30005cce   0x0000004a   Code   RO          475    .text               c_t.l(_wcrtomb.o)
    0x30005d18   0x000000a0   Code   RO          479    .text               c_t.l(strcmp.o)
    0x30005db8   0x00000004   Ven    RO          481    .text               c_t.l(rtudiv10.o)
    0x30005dbc   0x0000002c   Code   RO          481    .text               c_t.l(rtudiv10.o)
    0x30005de8   0x00000090   Code   RO          524    .text               c_t.l(_printf_fp_infnan.o)
    0x30005e78   0x0000001e   Code   RO          526    .text               c_t.l(_chval.o)
    0x30005e96   0x00000002   PAD
    0x30005e98   0x000000d8   Code   RO          528    .text               c_t.l(bigflt0.o)
    0x30005f70   0x0000000c   Code   RO          556    .text               c_t.l(exit.o)
    0x30005f7c   0x00000008   Ven    RO          590    .text               c_t.l(sys_exit.o)
    0x30005f84   0x0000000c   Code   RO          590    .text               c_t.l(sys_exit.o)
    0x30005f90   0x0000000c   Code   RO          602    .text               c_t.l(rt_fp_status_addr_intlibspace.o)
    0x30005f9c   0x00000004   Code   RO          616    .text               c_t.l(use_no_semi.o)
    0x30005fa0   0x00000000   Code   RO          618    .text               c_t.l(indicate_semi.o)
    0x30005fa0   0x00000024   Code   RO          274    .text_udiv          c_t.l(aeabi_sdiv.o)
    0x30005fc4   0x00000004   Ven    RO          531    CL$$btod_d2e        c_t.l(btod.o)
    0x30005fc8   0x00000038   Code   RO          531    CL$$btod_d2e        c_t.l(btod.o)
    0x30006000   0x00000054   Code   RO          533    CL$$btod_d2e_denorm_low  c_t.l(btod.o)
    0x30006054   0x00000068   Code   RO          532    CL$$btod_d2e_norm_op1  c_t.l(btod.o)
    0x300060bc   0x0000034c   Code   RO          541    CL$$btod_div_common  c_t.l(btod.o)
    0x30006408   0x000000dc   Code   RO          538    CL$$btod_e2e        c_t.l(btod.o)
    0x300064e4   0x00000004   Ven    RO          535    CL$$btod_ediv       c_t.l(btod.o)
    0x300064e8   0x00000034   Code   RO          535    CL$$btod_ediv       c_t.l(btod.o)
    0x3000651c   0x00000004   Ven    RO          534    CL$$btod_emul       c_t.l(btod.o)
    0x30006520   0x00000034   Code   RO          534    CL$$btod_emul       c_t.l(btod.o)
    0x30006554   0x00000268   Code   RO          540    CL$$btod_mult_common  c_t.l(btod.o)
    0x300067bc   0x000001bc   Code   RO          115    UCOS_ARM            os_cpu_a.o
    0x30006978   0x0000000c   Ven    RO          693    Veneer$$Code        anon$$obj.o
    0x30006984   0x0000000c   Ven    RO          694    Veneer$$Code        anon$$obj.o
    0x30006990   0x0000000c   Ven    RO          695    Veneer$$Code        anon$$obj.o
    0x3000699c   0x0000000c   Ven    RO          696    Veneer$$Code        anon$$obj.o
    0x300069a8   0x0000000c   Ven    RO          697    Veneer$$Code        anon$$obj.o
    0x300069b4   0x0000000c   Ven    RO          698    Veneer$$Code        anon$$obj.o
    0x300069c0   0x00000002   Code   RO          332    i.__ARM_common_call_via_r1  c_t.l(__printf.o)
    0x300069c2   0x00000002   Code   RO          352    i.__ARM_common_call_via_r2  c_t.l(_printf_wctomb.o)
    0x300069c4   0x00000002   Code   RO          477    i.__ARM_common_call_via_r3  c_t.l(_wcrtomb.o)
    0x300069c6   0x00000002   PAD
    0x300069c8   0x00000004   Ven    RO          572    i.__ARM_fpclassify  m_ts.l(fpclassify.o)
    0x300069cc   0x00000030   Code   RO          572    i.__ARM_fpclassify  m_ts.l(fpclassify.o)
    0x300069fc   0x0000000e   Code   RO          393    i._is_digit         c_t.l(__printf_wp.o)
    0x30006a0a   0x00000002   PAD
    0x30006a0c   0x00000004   Ven    RO          429    locale$$code        c_t.l(lc_ctype_c.o)
    0x30006a10   0x00000050   Code   RO          429    locale$$code        c_t.l(lc_ctype_c.o)
    0x30006a60   0x00000004   Ven    RO          554    locale$$code        c_t.l(lc_numeric_c.o)
    0x30006a64   0x00000050   Code   RO          554    locale$$code        c_t.l(lc_numeric_c.o)
    0x30006ab4   0x00000154   Code   RO          293    x$fpl$dadd          fz_ts.l(daddsub_noclz.o)
    0x30006c08   0x000002e0   Code   RO          300    x$fpl$ddiv          fz_ts.l(ddiv.o)
    0x30006ee8   0x00000070   Code   RO          303    x$fpl$dfix          fz_ts.l(dfix.o)
    0x30006f58   0x00000058   Code   RO          308    x$fpl$dflt          fz_ts.l(dflt_noclz.o)
    0x30006fb0   0x000000c0   Code   RO          431    x$fpl$dnaninf       fz_ts.l(dnaninf.o)
    0x30007070   0x00000010   Code   RO          433    x$fpl$dretinf       fz_ts.l(dretinf.o)
    0x30007080   0x00000244   Code   RO          295    x$fpl$dsub          fz_ts.l(daddsub_noclz.o)
    0x300072c4   0x00000004   Ven    RO          586    x$fpl$fpinit        fz_ts.l(fpinit.o)
    0x300072c8   0x00000018   Code   RO          586    x$fpl$fpinit        fz_ts.l(fpinit.o)
    0x300072e0   0x00000004   Ven    RO          570    x$fpl$ieeestatus    fz_ts.l(istatus.o)
    0x300072e4   0x00000008   Code   RO          570    x$fpl$ieeestatus    fz_ts.l(istatus.o)
    0x300072ec   0x00000004   Code   RO          435    x$fpl$printf1       fz_ts.l(printf1.o)
    0x300072f0   0x00000000   Code   RO          437    x$fpl$usenofp       fz_ts.l(usenofp.o)
    0x300072f0   0x00000100   Data   RO          132    .constdata          os_core.o
    0x300073f0   0x00000008   Data   RO          349    .constdata          c_t.l(_printf_wctomb.o)
    0x300073f8   0x00000028   Data   RO          381    .constdata          c_t.l(_printf_hex_int_ll_ptr.o)
    0x30007420   0x00000011   Data   RO          401    .constdata          c_t.l(__printf_flags_ss_wp.o)
    0x30007431   0x00000003   PAD
    0x30007434   0x00000094   Data   RO          529    .constdata          c_t.l(bigflt0.o)
    0x300074c8   0x00000110   Data   RO          428    locale$$data        c_t.l(lc_ctype_c.o)
    0x300075d8   0x0000001c   Data   RO          553    locale$$data        c_t.l(lc_numeric_c.o)


    Execution Region RW_RAM1 (Base: 0x30800000, Size: 0x00008960, Max: 0x08000000, ABSOLUTE)

    Base Addr    Size         Type   Attr      Idx    E Section Name        Object

    0x30800000   0x0000000c   Data   RW           12    .data               2440lib.o
    0x3080000c   0x00000001   Data   RW           73    .data               main.o
    0x3080000d   0x00000003   PAD
    0x30800010   0x00000044   Data   RW          133    .data               os_core.o
    0x30800054   0x00007000   Zero   RW           72    .bss                main.o
    0x30807054   0x00001420   Zero   RW          131    .bss                os_core.o
    0x30808474   0x00000060   Zero   RW          439    .bss                c_t.l(libspace.o)
    0x308084d4   0x00000004   PAD
    0x308084d8   0x00000000   Zero   RW            2    HEAP                s3c2440a.o
    0x308084d8   0x00000488   Zero   RW            1    STACK               s3c2440a.o


    Execution Region RW_IRAM1 (Base: 0x40000000, Size: 0x00000000, Max: 0x00001000, ABSOLUTE)

    **** No section assigned to this execution region ****


==============================================================================

Image component sizes


      Code (inc. data)   RO Data    RW Data    ZI Data      Debug   Object Name

      2792        100          0         12          0       7353   2440lib.o
       276          4          0          0          0        967   led_test.o
       804         48          0          1      28672      10278   main.o
       908          4          0          0          0       2176   nandflash.o
      3864        140        256         68       5152      15209   os_core.o
       444         36          0          0          0        328   os_cpu_a.o
       276          0          0          0          0       2057   os_cpu_c.o
      3912         28          0          0          0       7612   os_flag.o
      1224          8          0          0          0       3692   os_mem.o
      2640         24          0          0          0       5652   os_q.o
      2808         40          0          0          0       5742   os_task.o
       772         24          0          0          0       2034   os_time.o
       544        156          0          0       1160        568   s3c2440a.o

    ----------------------------------------------------------------------
     21352        644        304         84      34984      63668   Object Totals
        88         32         48          0          0          0   (incl. Generated)
         0          0          0          3          0          0   (incl. Padding)

    ----------------------------------------------------------------------

      Code (inc. data)   RO Data    RW Data    ZI Data      Debug   Library Member Name

         8          0          0          0          0         68   __main.o
         2          0          0          0          0         60   __printf.o
       412          4         17          0          0         92   __printf_flags_ss_wp.o
        14          0          0          0          0         60   __printf_wp.o
        60          8          0          0          0          0   __scatter.o
        40          0          0          0          0          0   __scatter_copy.o
        44          0          0          0          0          0   __scatter_zi.o
        30          0          0          0          0         60   _chval.o
         8          0          0          0          0          0   _printf_a.o
         8          0          0          0          0          0   _printf_c.o
        58          0          0          0          0        112   _printf_char.o
        48          4          0          0          0         96   _printf_char_common.o
        48          0          0          0          0         60   _printf_charcount.o
         8          0          0          0          0          0   _printf_d.o
       120         18          0          0          0         88   _printf_dec.o
         8          0          0          0          0          0   _printf_e.o
         8          0          0          0          0          0   _printf_f.o
      1056         14          0          0          0        192   _printf_fp_dec.o
       144         16          0          0          0         88   _printf_fp_infnan.o
         8          0          0          0          0          0   _printf_g.o
       168          4         40          0          0        176   _printf_hex_int_ll_ptr.o
         8          0          0          0          0          0   _printf_i.o
       186          0          0          0          0        100   _printf_intcommon.o
        12          0          0          0          0          0   _printf_l.o
         8          0          0          0          0          0   _printf_lc.o
        12          0          0          0          0          0   _printf_ll.o
         8          0          0          0          0          0   _printf_lld.o
         8          0          0          0          0          0   _printf_lli.o
         8          0          0          0          0          0   _printf_llo.o
         8          0          0          0          0          0   _printf_llu.o
         8          0          0          0          0          0   _printf_llx.o
       124         18          0          0          0         88   _printf_longlong_dec.o
         8          0          0          0          0          0   _printf_ls.o
         8          0          0          0          0          0   _printf_n.o
         8          0          0          0          0          0   _printf_o.o
       128         10          0          0          0        136   _printf_oct_int_ll.o
         8          0          0          0          0          0   _printf_p.o
        86          0          0          0          0        116   _printf_pad.o
         4          0          0          0          0          0   _printf_percent.o
         8          0          0          0          0          0   _printf_percent_end.o
         8          0          0          0          0          0   _printf_s.o
        88          0          0          0          0         84   _printf_str.o
        44          0          0          0          0         76   _printf_truncate.o
         8          0          0          0          0          0   _printf_u.o
        58          0          0          0          0        112   _printf_wchar.o
       194          4          8          0          0        156   _printf_wctomb.o
         8          0          0          0          0          0   _printf_x.o
        10          0          0          0          0         60   _sputc.o
       172          0          0          0          0        100   _strtoul.o
        76          0          0          0          0        148   _wcrtomb.o
       424          0          0          0          0        148   aeabi_sdiv.o
        38          0          0          0          0         84   atoi.o
       216          6        148          0          0         96   bigflt0.o
      2040        128          0          0          0        696   btod.o
        48          4          0          0          0         80   c89vsprintf.o
        12          0          0          0          0         64   exit.o
         6          0          0          0          0        136   heapauxi.o
         0          0          0          0          0          0   indicate_semi.o
        84          8        272          0          0         92   lc_ctype_c.o
        84          8         28          0          0         92   lc_numeric_c.o
        14          0          0          0          0          0   libinit.o
        40          0          0          0          0          0   libinit2.o
        12          0          0          0          0          0   libshutdown.o
         6          0          0          0          0          0   libshutdown2.o
        12          4          0          0         96         68   libspace.o
       164          0          0          0          0         96   lludiv10.o
        28          4          0          0          0         84   rt_ctype_table.o
        16          4          0          0          0         68   rt_errno_addr_intlibspace.o
        12          4          0          0          0         68   rt_fp_status_addr_intlibspace.o
        16          4          0          0          0         68   rt_locale_intlibspace.o
         0          0          0          0          0          0   rtentry.o
        44          4          0          0          0          0   rtentry2.o
         8          0          0          0          0          0   rtentry4.o
         8          0          0          0          0          0   rtexit.o
        12          0          0          0          0          0   rtexit2.o
        48          0          0          0          0         68   rtudiv10.o
       160          4          0          0          0         80   strcmp.o
        76          4          0          0          0         76   strlen.o
       116          4          0          0          0         92   strtol.o
        20          4          0          0          0         60   sys_exit.o
        96          0          0          0          0         80   sys_stackheap_outer.o
         4          0          0          0          0         68   use_no_semi.o
       920         16          0          0          0        296   daddsub_noclz.o
       736        140          0          0          0        232   ddiv.o
       112          4          0          0          0         92   dfix.o
        88          0          0          0          0         68   dflt_noclz.o
       192          0          0          0          0        108   dnaninf.o
        16          0          0          0          0         68   dretinf.o
        28          0          0          0          0         80   fpinit.o
        12          0          0          0          0         68   istatus.o
         4          0          0          0          0         68   printf1.o
         0          0          0          0          0          0   usenofp.o
        52          0          0          0          0         68   fpclassify.o

    ----------------------------------------------------------------------
      9660        454        516          0        100       5940   Library Totals
        22          0          3          0          4          0   (incl. Padding)

    ----------------------------------------------------------------------

      Code (inc. data)   RO Data    RW Data    ZI Data      Debug   Library Name

      7478        294        513          0         96       4792   c_t.l
      2108        160          0          0          0       1080   fz_ts.l
        52          0          0          0          0         68   m_ts.l

    ----------------------------------------------------------------------
      9660        454        516          0        100       5940   Library Totals

    ----------------------------------------------------------------------

==============================================================================


      Code (inc. data)   RO Data    RW Data    ZI Data      Debug   

     31012       1098        820         84      35084      65496   Grand Totals
     31012       1098        820         84      35084      65496   ELF Image Totals
     31012       1098        820         84          0          0   ROM Totals

==============================================================================

    Total RO  Size (Code + RO Data)                31832 (  31.09kB)
    Total RW  Size (RW Data + ZI Data)             35168 (  34.34kB)
    Total ROM Size (Code + RO Data + RW Data)      31916 (  31.17kB)

==============================================================================

