<html>
<body>
<pre>
<h1>礦ision Build Log</h1>
<h2>Project:</h2>
F:\申嵌\mini2440_micro2440\4 专题篇\ARM微处理器开发基础班\src\LED_Test\led_test\led_test.uvproj
Project File Date:  09/12/2011

<h2>Output:</h2>
Build target 'Target 1'
assembling S3C2440A.s...
compiling 2440lib.c...
compiling led_test.c...
led_test.c(45): warning:  #223-D: function "dely" declared implicitly
compiling main.c...
main.c(91): warning:  #223-D: function "led_test" declared implicitly
main.c(93): warning:  #1-D: last line of file ends without a newline
linking...
Program Size: Code=13468 RO-data=548 RW-data=12 ZI-data=1260  
".\obj\led_test.axf" - 0 Error(s), 3 Warning(s).
Build target 'Target 1'
assembling S3C2440A.s...
compiling 2440lib.c...
compiling led_test.c...
led_test.c(45): warning:  #223-D: function "dely" declared implicitly
compiling main.c...
main.c(92): warning:  #223-D: function "led_test" declared implicitly
main.c(94): warning:  #1-D: last line of file ends without a newline
linking...
Program Size: Code=13436 RO-data=548 RW-data=12 ZI-data=1260  
".\obj\led_test.axf" - 0 Error(s), 3 Warning(s).
